<html>
<body>
<pre>
<h1>µVision Build Log</h1>
<h2>Tool Versions:</h2>
IDE-Version: µVision V5.38.0.0
Copyright (C) 2022 ARM Ltd and ARM Germany GmbH. All rights reserved.
License Information: Marc Sorial, asu, LIC=----
 
Tool Versions:
Toolchain:       MDK-Lite  Version: 5.38.0.0
Toolchain Path:  C:\Keil_v5\ARM\ARMCLANG\Bin
C Compiler:      ArmClang.exe V6.19
Assembler:       Armasm.exe V6.19
Linker/Locator:  ArmLink.exe V6.19
Library Manager: ArmAr.exe V6.19
Hex Converter:   FromElf.exe V6.19
CPU DLL:         SARMCM3.DLL V5.38.0.0
Dialog DLL:      DCM.DLL V1.17.5.0
Target DLL:      lmidk-agdi.dll V???
Dialog DLL:      TCM.DLL V1.56.4.0
 
<h2>Project:</h2>
C:\Users\mnagu\Desktop\ain shams\semester 8\CSE_411 Real-Time and Embedded System\new project\TERM PROJECT.uvprojx
Project File Date:  04/27/2023

<h2>Output:</h2>
*** Using Compiler 'V6.19', folder: 'C:\Keil_v5\ARM\ARMCLANG\Bin'
Build target 'Target 1'
main.c(1): warning: In file included from...
./types.h(32): warning: no newline at end of file [-Wnewline-eof]
#endif
      ^
main.c(2): warning: In file included from...
./DIO.h(19): warning: no newline at end of file [-Wnewline-eof]
#endif
      ^
main.c(10): warning: In file included from...
./motor_driver.h(10): warning: a function declaration without a prototype is deprecated in all versions of C [-Wstrict-prototypes]
void motor_up();
             ^
              void
./motor_driver.h(11): warning: a function declaration without a prototype is deprecated in all versions of C [-Wstrict-prototypes]
void motor_down();
               ^
                void
./motor_driver.h(12): warning: a function declaration without a prototype is deprecated in all versions of C [-Wstrict-prototypes]
void motor_stop();
               ^
                void
./motor_driver.h(13): warning: no newline at end of file [-Wnewline-eof]
#endif
      ^
main.c(12): warning: a function declaration without a prototype is deprecated in all versions of C [-Wstrict-prototypes]
void Task1();
          ^
           void
main.c(13): warning: a function declaration without a prototype is deprecated in all versions of C [-Wstrict-prototypes]
void Task2();
          ^
           void
main.c(14): warning: a function declaration without a prototype is deprecated in all versions of C [-Wstrict-prototypes]
void Task3();
          ^
           void
main.c(15): warning: a function declaration without a prototype is deprecated in all versions of C [-Wstrict-prototypes]
void UP();
       ^
        void
main.c(16): warning: a function declaration without a prototype is deprecated in all versions of C [-Wstrict-prototypes]
void DOWN();
         ^
          void
main.c(17): warning: a function declaration without a prototype is deprecated in all versions of C [-Wstrict-prototypes]
void Emergency();
              ^
               void
main.c(28): warning: a function declaration without a prototype is deprecated in all versions of C [-Wstrict-prototypes]
void Task1(){
          ^
           void
main.c(44): warning: mixing declarations and code is incompatible with standards before C99 [-Wdeclaration-after-statement]
int x=0;
    ^
main.c(38): warning: variable 'xstatus' set but not used [-Wunused-but-set-variable]
        portBASE_TYPE xstatus;
                      ^
main.c(56): warning: mixing declarations and code is incompatible with standards before C99 [-Wdeclaration-after-statement]
int x=0;
    ^
main.c(50): warning: variable 'xstatus' set but not used [-Wunused-but-set-variable]
        portBASE_TYPE xstatus;
                      ^
main.c(28): warning: no previous prototype for function 'Task1' [-Wmissing-prototypes]
void Task1(){
     ^
main.c(12): note: this declaration is not a prototype; add 'void' to make it a prototype for a zero-parameter function
void Task1();
     ^
           void
main.c(28): warning: function 'Task1' could be declared with attribute 'noreturn' [-Wmissing-noreturn]
void Task1(){
            ^
main.c(68): warning: a function declaration without a prototype is deprecated in all versions of C [-Wstrict-prototypes]
void Task2(){
          ^
           void
main.c(84): warning: mixing declarations and code is incompatible with standards before C99 [-Wdeclaration-after-statement]
int x=0;
    ^
main.c(78): warning: variable 'xstatus' set but not used [-Wunused-but-set-variable]
        portBASE_TYPE xstatus;
                      ^
main.c(96): warning: mixing declarations and code is incompatible with standards before C99 [-Wdeclaration-after-statement]
int x=0;
    ^
main.c(90): warning: variable 'xstatus' set but not used [-Wunused-but-set-variable]
        portBASE_TYPE xstatus;
                      ^
main.c(68): warning: no previous prototype for function 'Task2' [-Wmissing-prototypes]
void Task2(){
     ^
main.c(13): note: this declaration is not a prototype; add 'void' to make it a prototype for a zero-parameter function
void Task2();
     ^
           void
main.c(68): warning: function 'Task2' could be declared with attribute 'noreturn' [-Wmissing-noreturn]
void Task2(){
            ^
main.c(106): warning: a function declaration without a prototype is deprecated in all versions of C [-Wstrict-prototypes]
void Task3(){
          ^
           void
main.c(106): warning: no previous prototype for function 'Task3' [-Wmissing-prototypes]
void Task3(){
     ^
main.c(14): note: this declaration is not a prototype; add 'void' to make it a prototype for a zero-parameter function
void Task3();
     ^
           void
main.c(106): warning: function 'Task3' could be declared with attribute 'noreturn' [-Wmissing-noreturn]
void Task3(){
            ^
main.c(121): warning: a function declaration without a prototype is deprecated in all versions of C [-Wstrict-prototypes]
void Emergency(){       
              ^
               void
main.c(123): warning: variable 'xLastWakeTime' set but not used [-Wunused-but-set-variable]
  TickType_t xLastWakeTime;   
             ^
main.c(121): warning: no previous prototype for function 'Emergency' [-Wmissing-prototypes]
void Emergency(){       
     ^
main.c(17): note: this declaration is not a prototype; add 'void' to make it a prototype for a zero-parameter function
void Emergency();
     ^
               void
main.c(121): warning: function 'Emergency' could be declared with attribute 'noreturn' [-Wmissing-noreturn]
void Emergency(){       
                ^
main.c(137): warning: a function declaration without a prototype is deprecated in all versions of C [-Wstrict-prototypes]
void UP(){
       ^
        void
main.c(137): warning: no previous prototype for function 'UP' [-Wmissing-prototypes]
void UP(){
     ^
main.c(15): note: this declaration is not a prototype; add 'void' to make it a prototype for a zero-parameter function
void UP();
     ^
        void
main.c(137): warning: function 'UP' could be declared with attribute 'noreturn' [-Wmissing-noreturn]
void UP(){
         ^
main.c(140): warning: variable 'newvalue' is used uninitialized whenever function 'UP' is called [-Wsometimes-uninitialized]
        int newvalue,prevValue=0;
        ~~~~^~~~~~~~
main.c(143): note: uninitialized use occurs here
        if(newvalue !=NULL)
           ^~~~~~~~
main.c(140): note: initialize the variable 'newvalue' to silence this warning
        int newvalue,prevValue=0;
                    ^
                     = 0
main.c(180): warning: a function declaration without a prototype is deprecated in all versions of C [-Wstrict-prototypes]
void DOWN(){
         ^
          void
main.c(194): warning: while loop has empty body [-Wempty-body]
                while(((GPIO_PORTF_DATA_R >>0) & 1) == 1);
                                                         ^
main.c(194): note: put the semicolon on a separate line to silence this warning
main.c(180): warning: no previous prototype for function 'DOWN' [-Wmissing-prototypes]
void DOWN(){
     ^
main.c(16): note: this declaration is not a prototype; add 'void' to make it a prototype for a zero-parameter function
void DOWN();
     ^
          void
main.c(180): warning: function 'DOWN' could be declared with attribute 'noreturn' [-Wmissing-noreturn]
void DOWN(){
           ^
main.c(183): warning: variable 'newvalue' is used uninitialized whenever function 'DOWN' is called [-Wsometimes-uninitialized]
        int newvalue,prevValue=0;
        ~~~~^~~~~~~~
main.c(186): note: uninitialized use occurs here
        if(newvalue !=NULL)
           ^~~~~~~~
main.c(183): note: initialize the variable 'newvalue' to silence this warning
        int newvalue,prevValue=0;
                    ^
                     = 0
main.c(217): warning: a function declaration without a prototype is deprecated in all versions of C [-Wstrict-prototypes]
                int main()
                        ^
                         void
main.c(221): warning: empty expression statement has no effect; remove unnecessary ';' to silence this warning [-Wextra-semi-stmt]
        vSemaphoreCreateBinary(EmergencySemaphore);
                                                  ^
main.c(19): warning: no previous extern declaration for non-static variable 'task2' [-Wmissing-variable-declarations]
TaskHandle_t task2;
             ^
main.c(19): note: declare 'static' if the variable is not intended to be used outside of this translation unit
TaskHandle_t task2;
^
main.c(20): warning: no previous extern declaration for non-static variable 'XMUTEX' [-Wmissing-variable-declarations]
xSemaphoreHandle XMUTEX;
                 ^
main.c(20): note: declare 'static' if the variable is not intended to be used outside of this translation unit
xSemaphoreHandle XMUTEX;
^
C:/Users/mnagu/AppData/Local/Arm/Packs/ARM/CMSIS-FreeRTOS/10.5.1/Source/include\FreeRTOS.h(1069): note: expanded from macro 'xSemaphoreHandle'
    #define xSemaphoreHandle              SemaphoreHandle_t
                                          ^
main.c(21): warning: no previous extern declaration for non-static variable 'EmergencySemaphore' [-Wmissing-variable-declarations]
xSemaphoreHandle EmergencySemaphore;
                 ^
main.c(21): note: declare 'static' if the variable is not intended to be used outside of this translation unit
xSemaphoreHandle EmergencySemaphore;
^
C:/Users/mnagu/AppData/Local/Arm/Packs/ARM/CMSIS-FreeRTOS/10.5.1/Source/include\FreeRTOS.h(1069): note: expanded from macro 'xSemaphoreHandle'
    #define xSemaphoreHandle              SemaphoreHandle_t
                                          ^
main.c(22): warning: no previous extern declaration for non-static variable 'EmergencyMutex' [-Wmissing-variable-declarations]
xSemaphoreHandle EmergencyMutex;
                 ^
main.c(22): note: declare 'static' if the variable is not intended to be used outside of this translation unit
xSemaphoreHandle EmergencyMutex;
^
C:/Users/mnagu/AppData/Local/Arm/Packs/ARM/CMSIS-FreeRTOS/10.5.1/Source/include\FreeRTOS.h(1069): note: expanded from macro 'xSemaphoreHandle'
    #define xSemaphoreHandle              SemaphoreHandle_t
                                          ^
main.c(23): warning: no previous extern declaration for non-static variable 'xQueueUP' [-Wmissing-variable-declarations]
xQueueHandle xQueueUP;
             ^
main.c(23): note: declare 'static' if the variable is not intended to be used outside of this translation unit
xQueueHandle xQueueUP;
^
C:/Users/mnagu/AppData/Local/Arm/Packs/ARM/CMSIS-FreeRTOS/10.5.1/Source/include\FreeRTOS.h(1068): note: expanded from macro 'xQueueHandle'
    #define xQueueHandle                  QueueHandle_t
                                          ^
main.c(24): warning: no previous extern declaration for non-static variable 'xQueueDOWN' [-Wmissing-variable-declarations]
xQueueHandle xQueueDOWN;
             ^
main.c(24): note: declare 'static' if the variable is not intended to be used outside of this translation unit
xQueueHandle xQueueDOWN;
^
C:/Users/mnagu/AppData/Local/Arm/Packs/ARM/CMSIS-FreeRTOS/10.5.1/Source/include\FreeRTOS.h(1068): note: expanded from macro 'xQueueHandle'
    #define xQueueHandle                  QueueHandle_t
                                          ^
50 warnings generated.
compiling main.c...
linking...
Program Size: Code=15258 RO-data=730 RW-data=8 ZI-data=9016  
".\Objects\TERM PROJECT.axf" - 0 Error(s), 50 Warning(s).

<h2>Software Packages used:</h2>

Package Vendor: ARM
                http://www.keil.com/pack/ARM.CMSIS.5.9.0.pack
                ARM.CMSIS.5.9.0
                CMSIS (Common Microcontroller Software Interface Standard)
   * Component: CORE Version: 5.6.0

Package Vendor: ARM
                https://www.keil.com/pack/ARM.CMSIS-FreeRTOS.10.5.1.pack
                ARM.CMSIS-FreeRTOS.10.5.1
                Bundle of FreeRTOS for Cortex-M and Cortex-A
   * Component: Config Variant: FreeRTOS Version: 10.5.1
   * Component: Core Variant: Cortex-M Version: 10.5.1
   * Component: Heap Variant: Heap_1 Version: 10.5.1

Package Vendor: Keil
                http://www.keil.com/pack/Keil.TM4C_DFP.1.1.0.pack
                Keil.TM4C_DFP.1.1.0
                Texas Instruments Tiva C Series Device Support and Examples
   * Component: Startup Version: 1.0.1

<h2>Collection of Component include folders:</h2>
  ./RTE/RTOS
  ./RTE/_Target_1
  C:/Users/mnagu/AppData/Local/Arm/Packs/ARM/CMSIS-FreeRTOS/10.5.1/CMSIS/RTOS2/FreeRTOS/Include
  C:/Users/mnagu/AppData/Local/Arm/Packs/ARM/CMSIS-FreeRTOS/10.5.1/Source/include
  C:/Users/mnagu/AppData/Local/Arm/Packs/ARM/CMSIS-FreeRTOS/10.5.1/Source/portable/GCC/ARM_CM4F
  C:/Users/mnagu/AppData/Local/Arm/Packs/ARM/CMSIS/5.9.0/CMSIS/Core/Include
  C:/Users/mnagu/AppData/Local/Arm/Packs/Keil/TM4C_DFP/1.1.0/Device/Include/TM4C123

<h2>Collection of Component Files used:</h2>

   * Component: ARM.FreeRTOS::RTOS:Config:FreeRTOS:10.5.1
      Include file:  Config/ARMCM/FreeRTOSConfig.h

   * Component: ARM.FreeRTOS::RTOS:Core:Cortex-M:10.5.1
      Source file:   Source/list.c
      Include file:  Source/include/queue.h
      Include file:  Source/include/semphr.h
      Source file:   Source/queue.c
      Include file:  Source/include/FreeRTOS.h
      Include file:  Source/include/task.h
      Source file:   Source/tasks.c
      Source file:   Source/portable/GCC/ARM_CM4F/port.c
      Source file:   CMSIS/RTOS2/FreeRTOS/Source/freertos_evr.c

   * Component: ARM.FreeRTOS::RTOS:Heap:Heap_1:10.5.1
      Source file:   Source/portable/MemMang/heap_1.c

   * Component: ARM::CMSIS:CORE:5.6.0

   * Component: Keil::Device:Startup:1.0.1
      Source file:   Device/Source/system_TM4C123.c
      Include file:  Device/Include/TM4C123/TM4C123.h
      Source file:   Device/Source/ARM/startup_TM4C123.s
Build Time Elapsed:  00:00:01
</pre>
</body>
</html>
