Component: Arm Compiler for Embedded 6.19 Tool: armlink [5e73cb00]

==============================================================================

Section Cross References

    main.o(.text.Task1) refers to tasks.o(.text.xTaskGetTickCount) for xTaskGetTickCount
    main.o(.text.Task1) refers to main.o(.bss.XMUTEX) for XMUTEX
    main.o(.text.Task1) refers to queue.o(.text.xQueueSemaphoreTake) for xQueueSemaphoreTake
    main.o(.text.Task1) refers to main.o(.bss.xQueueDOWN) for xQueueDOWN
    main.o(.text.Task1) refers to queue.o(.text.xQueueGenericSend) for xQueueGenericSend
    main.o(.text.Task1) refers to main.o(.bss.xQueueUP) for xQueueUP
    main.o(.text.Task1) refers to tasks.o(.text.xTaskDelayUntil) for xTaskDelayUntil
    main.o(.ARM.exidx.text.Task1) refers to main.o(.text.Task1) for [Anonymous Symbol]
    main.o(.text.Task2) refers to tasks.o(.text.xTaskGetTickCount) for xTaskGetTickCount
    main.o(.text.Task2) refers to main.o(.bss.XMUTEX) for XMUTEX
    main.o(.text.Task2) refers to queue.o(.text.xQueueSemaphoreTake) for xQueueSemaphoreTake
    main.o(.text.Task2) refers to main.o(.bss.xQueueDOWN) for xQueueDOWN
    main.o(.text.Task2) refers to queue.o(.text.xQueueGenericSend) for xQueueGenericSend
    main.o(.text.Task2) refers to main.o(.bss.xQueueUP) for xQueueUP
    main.o(.text.Task2) refers to tasks.o(.text.xTaskDelayUntil) for xTaskDelayUntil
    main.o(.ARM.exidx.text.Task2) refers to main.o(.text.Task2) for [Anonymous Symbol]
    main.o(.text.Task3) refers to tasks.o(.text.xTaskGetTickCount) for xTaskGetTickCount
    main.o(.text.Task3) refers to main.o(.bss.task2) for task2
    main.o(.text.Task3) refers to tasks.o(.text.vTaskSuspend) for vTaskSuspend
    main.o(.text.Task3) refers to tasks.o(.text.vTaskResume) for vTaskResume
    main.o(.text.Task3) refers to tasks.o(.text.xTaskDelayUntil) for xTaskDelayUntil
    main.o(.ARM.exidx.text.Task3) refers to main.o(.text.Task3) for [Anonymous Symbol]
    main.o(.text.Emergency) refers to tasks.o(.text.xTaskGetTickCount) for xTaskGetTickCount
    main.o(.text.Emergency) refers to main.o(.bss.EmergencySemaphore) for EmergencySemaphore
    main.o(.text.Emergency) refers to queue.o(.text.xQueueSemaphoreTake) for xQueueSemaphoreTake
    main.o(.text.Emergency) refers to main.o(.bss.EmergencyMutex) for EmergencyMutex
    main.o(.text.Emergency) refers to motor_driver.o(.text.motor_down) for motor_down
    main.o(.text.Emergency) refers to tasks.o(.text.vTaskDelay) for vTaskDelay
    main.o(.text.Emergency) refers to motor_driver.o(.text.motor_stop) for motor_stop
    main.o(.text.Emergency) refers to queue.o(.text.xQueueGenericSend) for xQueueGenericSend
    main.o(.ARM.exidx.text.Emergency) refers to main.o(.text.Emergency) for [Anonymous Symbol]
    main.o(.text.UP) refers to main.o(.bss.xQueueUP) for xQueueUP
    main.o(.text.UP) refers to queue.o(.text.xQueueReceive) for xQueueReceive
    main.o(.text.UP) refers to main.o(.bss.EmergencyMutex) for EmergencyMutex
    main.o(.text.UP) refers to queue.o(.text.xQueueGetMutexHolder) for xQueueGetMutexHolder
    main.o(.text.UP) refers to main.o(.bss.EmergencySemaphore) for EmergencySemaphore
    main.o(.text.UP) refers to queue.o(.text.xQueueGenericSend) for xQueueGenericSend
    main.o(.text.UP) refers to motor_driver.o(.text.motor_up) for motor_up
    main.o(.text.UP) refers to motor_driver.o(.text.motor_stop) for motor_stop
    main.o(.ARM.exidx.text.UP) refers to main.o(.text.UP) for [Anonymous Symbol]
    main.o(.text.DOWN) refers to main.o(.bss.xQueueDOWN) for xQueueDOWN
    main.o(.text.DOWN) refers to queue.o(.text.xQueueReceive) for xQueueReceive
    main.o(.text.DOWN) refers to motor_driver.o(.text.motor_down) for motor_down
    main.o(.text.DOWN) refers to motor_driver.o(.text.motor_stop) for motor_stop
    main.o(.ARM.exidx.text.DOWN) refers to main.o(.text.DOWN) for [Anonymous Symbol]
    main.o(.text.main) refers to queue.o(.text.xQueueGenericCreate) for xQueueGenericCreate
    main.o(.text.main) refers to main.o(.bss.xQueueUP) for xQueueUP
    main.o(.text.main) refers to main.o(.bss.xQueueDOWN) for xQueueDOWN
    main.o(.text.main) refers to main.o(.bss.EmergencySemaphore) for EmergencySemaphore
    main.o(.text.main) refers to queue.o(.text.xQueueGenericSend) for xQueueGenericSend
    main.o(.text.main) refers to queue.o(.text.xQueueCreateMutex) for xQueueCreateMutex
    main.o(.text.main) refers to main.o(.bss.XMUTEX) for XMUTEX
    main.o(.text.main) refers to main.o(.bss.EmergencyMutex) for EmergencyMutex
    main.o(.text.main) refers to dio.o(.text.DIO_Init) for DIO_Init
    main.o(.text.main) refers to main.o(.text.Task1) for Task1
    main.o(.text.main) refers to main.o(.rodata.str1.1) for .L.str
    main.o(.text.main) refers to tasks.o(.text.xTaskCreate) for xTaskCreate
    main.o(.text.main) refers to main.o(.bss.task2) for task2
    main.o(.text.main) refers to main.o(.text.Task2) for Task2
    main.o(.text.main) refers to main.o(.text.Task3) for Task3
[...]
    sysctl.o(i.SysCtlIntRegister) refers to interrupt.o(i.IntRegister) for IntRegister
    sysctl.o(i.SysCtlIntRegister) refers to interrupt.o(i.IntEnable) for IntEnable
    sysctl.o(i.SysCtlIntUnregister) refers to interrupt.o(i.IntDisable) for IntDisable
    sysctl.o(i.SysCtlIntUnregister) refers to interrupt.o(i.IntUnregister) for IntUnregister
    sysctl.o(i.SysCtlSleep) refers to cpu.o(.emb_text) for CPUwfi
    sysctl.o(i.SysCtlVCOGet) refers to sysctl.o(.constdata) for .constdata
    interrupt.o(i.IntDisable) refers to interrupt.o(.constdata) for .constdata
    interrupt.o(i.IntEnable) refers to interrupt.o(.constdata) for .constdata
    interrupt.o(i.IntIsEnabled) refers to interrupt.o(.constdata) for .constdata
    interrupt.o(i.IntMasterDisable) refers to cpu.o(.emb_text) for CPUcpsid
    interrupt.o(i.IntMasterEnable) refers to cpu.o(.emb_text) for CPUcpsie
    interrupt.o(i.IntPendClear) refers to interrupt.o(.constdata) for .constdata
    interrupt.o(i.IntPendSet) refers to interrupt.o(.constdata) for .constdata
    interrupt.o(i.IntPriorityGet) refers to interrupt.o(.constdata) for .constdata
    interrupt.o(i.IntPriorityGroupingGet) refers to interrupt.o(.constdata) for .constdata
    interrupt.o(i.IntPriorityGroupingSet) refers to interrupt.o(.constdata) for .constdata
    interrupt.o(i.IntPriorityMaskGet) refers to cpu.o(.emb_text) for CPUbasepriGet
    interrupt.o(i.IntPriorityMaskSet) refers to cpu.o(.emb_text) for CPUbasepriSet
    interrupt.o(i.IntPrioritySet) refers to interrupt.o(.constdata) for .constdata
    interrupt.o(i.IntRegister) refers to interrupt.o(vtable) for vtable
    interrupt.o(i.IntUnregister) refers to interrupt.o(i._IntDefaultHandler) for _IntDefaultHandler
    interrupt.o(i.IntUnregister) refers to interrupt.o(vtable) for vtable
    entry.o(.ARM.Collect$$$$00000000) refers (Special) to entry10a.o(.ARM.Collect$$$$0000000D) for __rt_final_cpp
    entry.o(.ARM.Collect$$$$00000000) refers (Special) to entry11a.o(.ARM.Collect$$$$0000000F) for __rt_final_exit
    entry.o(.ARM.Collect$$$$00000000) refers (Special) to entry7b.o(.ARM.Collect$$$$00000008) for _main_clock
    entry.o(.ARM.Collect$$$$00000000) refers (Special) to entry8b.o(.ARM.Collect$$$$0000000A) for _main_cpp_init
    entry.o(.ARM.Collect$$$$00000000) refers (Special) to entry9a.o(.ARM.Collect$$$$0000000B) for _main_init
    entry.o(.ARM.Collect$$$$00000000) refers (Special) to entry5.o(.ARM.Collect$$$$00000004) for _main_scatterload
    entry.o(.ARM.Collect$$$$00000000) refers (Special) to entry2.o(.ARM.Collect$$$$00000001) for _main_stk
    entry2.o(.ARM.Collect$$$$00000001) refers to entry2.o(.ARM.Collect$$$$00002712) for __lit__00000000
    entry2.o(.ARM.Collect$$$$00002712) refers to startup_tm4c123.o(STACK) for __initial_sp
    entry2.o(__vectab_stack_and_reset_area) refers to startup_tm4c123.o(STACK) for __initial_sp
    entry2.o(__vectab_stack_and_reset_area) refers to entry.o(.ARM.Collect$$$$00000000) for __main
    entry5.o(.ARM.Collect$$$$00000004) refers to init.o(.text) for __scatterload
    entry9a.o(.ARM.Collect$$$$0000000B) refers to main.o(.text.main) for main
    entry9b.o(.ARM.Collect$$$$0000000C) refers to main.o(.text.main) for main
    init.o(.text) refers to entry5.o(.ARM.Collect$$$$00000004) for __main_after_scatterload


==============================================================================

Removing Unused input sections from the image.

    Removing main.o(.text), (0 bytes).
    Removing main.o(.ARM.exidx.text.Task1), (8 bytes).
    Removing main.o(.ARM.exidx.text.Task2), (8 bytes).
    Removing main.o(.ARM.exidx.text.Task3), (8 bytes).
    Removing main.o(.ARM.exidx.text.Emergency), (8 bytes).
    Removing main.o(.ARM.exidx.text.UP), (8 bytes).
    Removing main.o(.ARM.exidx.text.DOWN), (8 bytes).
    Removing main.o(.ARM.exidx.text.main), (8 bytes).
    Removing main.o(.ARM.use_no_argv), (4 bytes).
    Removing dio.o(.text), (0 bytes).
    Removing dio.o(.ARM.exidx.text.DIO_Init), (8 bytes).
    Removing motor_driver.o(.text), (0 bytes).
    Removing motor_driver.o(.ARM.exidx.text.motor_up), (8 bytes).
    Removing motor_driver.o(.ARM.exidx.text.motor_down), (8 bytes).
    Removing motor_driver.o(.ARM.exidx.text.motor_stop), (8 bytes).
    Removing startup_tm4c123.o(HEAP), (0 bytes).
    Removing system_tm4c123.o(.text), (0 bytes).
    Removing system_tm4c123.o(.text.SystemCoreClockUpdate), (326 bytes).
    Removing system_tm4c123.o(.ARM.exidx.text.SystemCoreClockUpdate), (8 bytes).
    Removing system_tm4c123.o(.text.getOscClk), (360 bytes).
    Removing system_tm4c123.o(.ARM.exidx.text.getOscClk), (8 bytes).
    Removing system_tm4c123.o(.ARM.exidx.text.SystemInit), (8 bytes).
    Removing freertos_evr.o(.text), (0 bytes).
    Removing list.o(.text), (0 bytes).
    Removing list.o(.ARM.exidx.text.vListInitialise), (8 bytes).
    Removing list.o(.ARM.exidx.text.vListInitialiseItem), (8 bytes).
    Removing list.o(.ARM.exidx.text.vListInsertEnd), (8 bytes).
    Removing list.o(.ARM.exidx.text.vListInsert), (8 bytes).
    Removing list.o(.ARM.exidx.text.uxListRemove), (8 bytes).
    Removing port.o(.text), (0 bytes).
    Removing port.o(.ARM.exidx.text.pxPortInitialiseStack), (8 bytes).
    Removing port.o(.ARM.exidx.text.prvTaskExitError), (8 bytes).
    Removing port.o(.ARM.exidx.text.SVC_Handler), (8 bytes).
    Removing port.o(.ARM.exidx.text.xPortStartScheduler), (8 bytes).
    Removing port.o(.ARM.exidx.text.vPortSetupTimerInterrupt), (8 bytes).
    Removing port.o(.ARM.exidx.text.vPortEnableVFP), (8 bytes).
    Removing port.o(.ARM.exidx.text.prvPortStartFirstTask), (8 bytes).
    Removing port.o(.text.vPortEndScheduler), (46 bytes).
    Removing port.o(.ARM.exidx.text.vPortEndScheduler), (8 bytes).
    Removing port.o(.ARM.exidx.text.vPortEnterCritical), (8 bytes).
    Removing port.o(.ARM.exidx.text.vPortExitCritical), (8 bytes).
    Removing port.o(.ARM.exidx.text.PendSV_Handler), (8 bytes).
    Removing port.o(.ARM.exidx.text.SysTick_Handler), (8 bytes).
    Removing port.o(.ARM.exidx.text.vPortSuppressTicksAndSleep), (8 bytes).
    Removing port.o(.text.vPortValidateInterruptPriority), (132 bytes).
    Removing port.o(.ARM.exidx.text.vPortValidateInterruptPriority), (8 bytes).
    Removing heap_1.o(.text), (0 bytes).
    Removing heap_1.o(.ARM.exidx.text.pvPortMalloc), (8 bytes).
    Removing heap_1.o(.ARM.exidx.text.vPortFree), (8 bytes).
    Removing heap_1.o(.text.vPortInitialiseBlocks), (14 bytes).
    Removing heap_1.o(.ARM.exidx.text.vPortInitialiseBlocks), (8 bytes).
    Removing heap_1.o(.text.xPortGetFreeHeapSize), (18 bytes).
    Removing heap_1.o(.ARM.exidx.text.xPortGetFreeHeapSize), (8 bytes).
    Removing queue.o(.text), (0 bytes).
    Removing queue.o(.ARM.exidx.text.xQueueGenericReset), (8 bytes).
    Removing queue.o(.ARM.exidx.text.xQueueGenericCreate), (8 bytes).
    Removing queue.o(.ARM.exidx.text.prvInitialiseNewQueue), (8 bytes).
    Removing queue.o(.ARM.exidx.text.xQueueCreateMutex), (8 bytes).
    Removing queue.o(.ARM.exidx.text.prvInitialiseMutex), (8 bytes).
    Removing queue.o(.ARM.exidx.text.xQueueGetMutexHolder), (8 bytes).
    Removing queue.o(.text.xQueueGetMutexHolderFromISR), (60 bytes).
    Removing queue.o(.ARM.exidx.text.xQueueGetMutexHolderFromISR), (8 bytes).
    Removing queue.o(.text.xQueueGiveMutexRecursive), (108 bytes).
    Removing queue.o(.ARM.exidx.text.xQueueGiveMutexRecursive), (8 bytes).
    Removing queue.o(.ARM.exidx.text.xQueueGenericSend), (8 bytes).
    Removing queue.o(.text.xQueueTakeMutexRecursive), (110 bytes).
    Removing queue.o(.ARM.exidx.text.xQueueTakeMutexRecursive), (8 bytes).
    Removing queue.o(.ARM.exidx.text.xQueueSemaphoreTake), (8 bytes).
    Removing queue.o(.text.xQueueCreateCountingSemaphore), (94 bytes).
    Removing queue.o(.ARM.exidx.text.xQueueCreateCountingSemaphore), (8 bytes).
    Removing queue.o(.ARM.exidx.text.prvCopyDataToQueue), (8 bytes).
    Removing queue.o(.ARM.exidx.text.prvNotifyQueueSetContainer), (8 bytes).
    Removing queue.o(.ARM.exidx.text.prvIsQueueFull), (8 bytes).
    Removing queue.o(.ARM.exidx.text.prvUnlockQueue), (8 bytes).
    Removing queue.o(.text.xQueueGenericSendFromISR), (444 bytes).
    Removing queue.o(.ARM.exidx.text.xQueueGenericSendFromISR), (8 bytes).
    Removing queue.o(.text.xQueueGiveFromISR), (386 bytes).
    Removing queue.o(.ARM.exidx.text.xQueueGiveFromISR), (8 bytes).
    Removing queue.o(.ARM.exidx.text.xQueueReceive), (8 bytes).
    Removing queue.o(.ARM.exidx.text.prvCopyDataFromQueue), (8 bytes).
    Removing queue.o(.ARM.exidx.text.prvIsQueueEmpty), (8 bytes).
    Removing queue.o(.ARM.exidx.text.prvGetDisinheritPriorityAfterTimeout), (8 bytes).
    Removing queue.o(.text.xQueuePeek), (480 bytes).
    Removing queue.o(.ARM.exidx.text.xQueuePeek), (8 bytes).
    Removing queue.o(.text.xQueueReceiveFromISR), (318 bytes).
    Removing queue.o(.ARM.exidx.text.xQueueReceiveFromISR), (8 bytes).
    Removing queue.o(.text.xQueuePeekFromISR), (212 bytes).
    Removing queue.o(.ARM.exidx.text.xQueuePeekFromISR), (8 bytes).
    Removing queue.o(.text.uxQueueMessagesWaiting), (54 bytes).
    Removing queue.o(.ARM.exidx.text.uxQueueMessagesWaiting), (8 bytes).
    Removing queue.o(.text.uxQueueSpacesAvailable), (62 bytes).
    Removing queue.o(.ARM.exidx.text.uxQueueSpacesAvailable), (8 bytes).
    Removing queue.o(.text.uxQueueMessagesWaitingFromISR), (48 bytes).
    Removing queue.o(.ARM.exidx.text.uxQueueMessagesWaitingFromISR), (8 bytes).
    Removing queue.o(.text.vQueueDelete), (48 bytes).
    Removing queue.o(.ARM.exidx.text.vQueueDelete), (8 bytes).
    Removing queue.o(.text.uxQueueGetQueueNumber), (12 bytes).
    Removing queue.o(.ARM.exidx.text.uxQueueGetQueueNumber), (8 bytes).
    Removing queue.o(.text.vQueueSetQueueNumber), (16 bytes).
    Removing queue.o(.ARM.exidx.text.vQueueSetQueueNumber), (8 bytes).
    Removing queue.o(.text.ucQueueGetQueueType), (14 bytes).
    Removing queue.o(.ARM.exidx.text.ucQueueGetQueueType), (8 bytes).
    Removing queue.o(.text.xQueueIsQueueEmptyFromISR), (62 bytes).
    Removing queue.o(.ARM.exidx.text.xQueueIsQueueEmptyFromISR), (8 bytes).
    Removing queue.o(.text.xQueueIsQueueFullFromISR), (68 bytes).
    Removing queue.o(.ARM.exidx.text.xQueueIsQueueFullFromISR), (8 bytes).
    Removing queue.o(.text.xQueueCreateSet), (24 bytes).
    Removing queue.o(.ARM.exidx.text.xQueueCreateSet), (8 bytes).
    Removing queue.o(.text.xQueueAddToSet), (64 bytes).
    Removing queue.o(.ARM.exidx.text.xQueueAddToSet), (8 bytes).
    Removing queue.o(.text.xQueueRemoveFromSet), (72 bytes).
    Removing queue.o(.ARM.exidx.text.xQueueRemoveFromSet), (8 bytes).
    Removing queue.o(.text.xQueueSelectFromSet), (28 bytes).
    Removing queue.o(.ARM.exidx.text.xQueueSelectFromSet), (8 bytes).
    Removing queue.o(.text.xQueueSelectFromSetFromISR), (24 bytes).
    Removing queue.o(.ARM.exidx.text.xQueueSelectFromSetFromISR), (8 bytes).
    Removing tasks.o(.text), (0 bytes).
    Removing tasks.o(.ARM.exidx.text.xTaskCreate), (8 bytes).
    Removing tasks.o(.ARM.exidx.text.prvInitialiseNewTask), (8 bytes).
    Removing tasks.o(.ARM.exidx.text.prvAddNewTaskToReadyList), (8 bytes).
    Removing tasks.o(.text.vTaskDelete), (340 bytes).
    Removing tasks.o(.ARM.exidx.text.vTaskDelete), (8 bytes).
    Removing tasks.o(.ARM.exidx.text.prvResetNextTaskUnblockTime), (8 bytes).
    Removing tasks.o(.ARM.exidx.text.prvDeleteTCB), (8 bytes).
    Removing tasks.o(.ARM.exidx.text.xTaskDelayUntil), (8 bytes).
    Removing tasks.o(.ARM.exidx.text.vTaskSuspendAll), (8 bytes).
    Removing tasks.o(.ARM.exidx.text.prvAddCurrentTaskToDelayedList), (8 bytes).
    Removing tasks.o(.ARM.exidx.text.xTaskResumeAll), (8 bytes).
    Removing tasks.o(.ARM.exidx.text.vTaskDelay), (8 bytes).
    Removing tasks.o(.text.eTaskGetState), (272 bytes).
    Removing tasks.o(.ARM.exidx.text.eTaskGetState), (8 bytes).
    Removing tasks.o(.text.uxTaskPriorityGet), (56 bytes).
    Removing tasks.o(.ARM.exidx.text.uxTaskPriorityGet), (8 bytes).
    Removing tasks.o(.text.uxTaskPriorityGetFromISR), (90 bytes).
    Removing tasks.o(.ARM.exidx.text.uxTaskPriorityGetFromISR), (8 bytes).
    Removing tasks.o(.text.vTaskPrioritySet), (484 bytes).
    Removing tasks.o(.ARM.exidx.text.vTaskPrioritySet), (8 bytes).
    Removing tasks.o(.ARM.exidx.text.vTaskSuspend), (8 bytes).
    Removing tasks.o(.ARM.exidx.text.vTaskSwitchContext), (8 bytes).
    Removing tasks.o(.ARM.exidx.text.vTaskResume), (8 bytes).
    Removing tasks.o(.ARM.exidx.text.prvTaskIsTaskSuspended), (8 bytes).
    Removing tasks.o(.text.xTaskResumeFromISR), (304 bytes).
    Removing tasks.o(.ARM.exidx.text.xTaskResumeFromISR), (8 bytes).
    Removing tasks.o(.ARM.exidx.text.vTaskStartScheduler), (8 bytes).
    Removing tasks.o(.ARM.exidx.text.prvIdleTask), (8 bytes).
    Removing tasks.o(.text.vTaskEndScheduler), (42 bytes).
    Removing tasks.o(.ARM.exidx.text.vTaskEndScheduler), (8 bytes).
    Removing tasks.o(.ARM.exidx.text.xTaskIncrementTick), (8 bytes).
    Removing tasks.o(.ARM.exidx.text.xTaskGetTickCount), (8 bytes).
    Removing tasks.o(.text.xTaskGetTickCountFromISR), (30 bytes).
    Removing tasks.o(.ARM.exidx.text.xTaskGetTickCountFromISR), (8 bytes).
    Removing tasks.o(.ARM.exidx.text.uxTaskGetNumberOfTasks), (8 bytes).
    Removing tasks.o(.text.pcTaskGetName), (70 bytes).
    Removing tasks.o(.ARM.exidx.text.pcTaskGetName), (8 bytes).
    Removing tasks.o(.text.xTaskGetHandle), (210 bytes).
    Removing tasks.o(.ARM.exidx.text.xTaskGetHandle), (8 bytes).
    Removing tasks.o(.text.prvSearchForNameWithinSingleList), (228 bytes).
    Removing tasks.o(.ARM.exidx.text.prvSearchForNameWithinSingleList), (8 bytes).
    Removing tasks.o(.text.uxTaskGetSystemState), (272 bytes).
    Removing tasks.o(.ARM.exidx.text.uxTaskGetSystemState), (8 bytes).
    Removing tasks.o(.text.prvListTasksWithinSingleList), (164 bytes).
    Removing tasks.o(.ARM.exidx.text.prvListTasksWithinSingleList), (8 bytes).
    Removing tasks.o(.text.xTaskGetIdleTaskHandle), (52 bytes).
    Removing tasks.o(.ARM.exidx.text.xTaskGetIdleTaskHandle), (8 bytes).
    Removing tasks.o(.ARM.exidx.text.vTaskStepTick), (8 bytes).
    Removing tasks.o(.text.xTaskCatchUpTicks), (82 bytes).
    Removing tasks.o(.ARM.exidx.text.xTaskCatchUpTicks), (8 bytes).
    Removing tasks.o(.text.xTaskAbortDelay), (270 bytes).
    Removing tasks.o(.ARM.exidx.text.xTaskAbortDelay), (8 bytes).
    Removing tasks.o(.ARM.exidx.text.vTaskPlaceOnEventList), (8 bytes).
    Removing tasks.o(.text.vTaskPlaceOnUnorderedEventList), (156 bytes).
    Removing tasks.o(.ARM.exidx.text.vTaskPlaceOnUnorderedEventList), (8 bytes).
    Removing tasks.o(.ARM.exidx.text.xTaskRemoveFromEventList), (8 bytes).
    Removing tasks.o(.text.vTaskRemoveFromUnorderedEventList), (362 bytes).
    Removing tasks.o(.ARM.exidx.text.vTaskRemoveFromUnorderedEventList), (8 bytes).
    Removing tasks.o(.text.vTaskSetTimeOutState), (74 bytes).
    Removing tasks.o(.ARM.exidx.text.vTaskSetTimeOutState), (8 bytes).
    Removing tasks.o(.ARM.exidx.text.vTaskInternalSetTimeOutState), (8 bytes).
    Removing tasks.o(.ARM.exidx.text.xTaskCheckForTimeOut), (8 bytes).
    Removing tasks.o(.ARM.exidx.text.vTaskMissedYield), (8 bytes).
    Removing tasks.o(.text.uxTaskGetTaskNumber), (34 bytes).
    Removing tasks.o(.ARM.exidx.text.uxTaskGetTaskNumber), (8 bytes).
    Removing tasks.o(.text.vTaskSetTaskNumber), (28 bytes).
    Removing tasks.o(.ARM.exidx.text.vTaskSetTaskNumber), (8 bytes).
    Removing tasks.o(.ARM.exidx.text.eTaskConfirmSleepModeStatus), (8 bytes).
    Removing tasks.o(.text.vTaskGetInfo), (224 bytes).
    Removing tasks.o(.ARM.exidx.text.vTaskGetInfo), (8 bytes).
    Removing tasks.o(.text.prvTaskCheckFreeStackSpace), (48 bytes).
    Removing tasks.o(.ARM.exidx.text.prvTaskCheckFreeStackSpace), (8 bytes).
    Removing tasks.o(.text.uxTaskGetStackHighWaterMark2), (60 bytes).
    Removing tasks.o(.ARM.exidx.text.uxTaskGetStackHighWaterMark2), (8 bytes).
    Removing tasks.o(.text.uxTaskGetStackHighWaterMark), (56 bytes).
    Removing tasks.o(.ARM.exidx.text.uxTaskGetStackHighWaterMark), (8 bytes).
    Removing tasks.o(.text.xTaskGetCurrentTaskHandle), (20 bytes).
    Removing tasks.o(.ARM.exidx.text.xTaskGetCurrentTaskHandle), (8 bytes).
    Removing tasks.o(.ARM.exidx.text.xTaskGetSchedulerState), (8 bytes).
    Removing tasks.o(.ARM.exidx.text.xTaskPriorityInherit), (8 bytes).
    Removing tasks.o(.ARM.exidx.text.xTaskPriorityDisinherit), (8 bytes).
    Removing tasks.o(.ARM.exidx.text.vTaskPriorityDisinheritAfterTimeout), (8 bytes).
    Removing tasks.o(.text.uxTaskResetEventItemValue), (34 bytes).
    Removing tasks.o(.ARM.exidx.text.uxTaskResetEventItemValue), (8 bytes).
    Removing tasks.o(.ARM.exidx.text.pvTaskIncrementMutexHeldCount), (8 bytes).
    Removing tasks.o(.text.ulTaskGenericNotifyTake), (248 bytes).
    Removing tasks.o(.ARM.exidx.text.ulTaskGenericNotifyTake), (8 bytes).
    Removing tasks.o(.text.xTaskGenericNotifyWait), (280 bytes).
    Removing tasks.o(.ARM.exidx.text.xTaskGenericNotifyWait), (8 bytes).
    Removing tasks.o(.text.xTaskGenericNotify), (558 bytes).
    Removing tasks.o(.ARM.exidx.text.xTaskGenericNotify), (8 bytes).
    Removing tasks.o(.text.xTaskGenericNotifyFromISR), (668 bytes).
    Removing tasks.o(.ARM.exidx.text.xTaskGenericNotifyFromISR), (8 bytes).
    Removing tasks.o(.text.vTaskGenericNotifyGiveFromISR), (498 bytes).
    Removing tasks.o(.ARM.exidx.text.vTaskGenericNotifyGiveFromISR), (8 bytes).
    Removing tasks.o(.text.xTaskGenericNotifyStateClear), (120 bytes).
    Removing tasks.o(.ARM.exidx.text.xTaskGenericNotifyStateClear), (8 bytes).
    Removing tasks.o(.text.ulTaskGenericNotifyValueClear), (82 bytes).
    Removing tasks.o(.ARM.exidx.text.ulTaskGenericNotifyValueClear), (8 bytes).
    Removing tasks.o(.ARM.exidx.text.prvInitialiseTaskLists), (8 bytes).
    Removing tasks.o(.ARM.exidx.text.prvCheckTasksWaitingTermination), (8 bytes).
    Removing tasks.o(.ARM.exidx.text.prvGetExpectedIdleTime), (8 bytes).
    Removing gpio.o(i.GPIOADCTriggerDisable), (14 bytes).
    Removing gpio.o(i.GPIOADCTriggerEnable), (12 bytes).
    Removing gpio.o(i.GPIODMATriggerDisable), (14 bytes).
    Removing gpio.o(i.GPIODMATriggerEnable), (12 bytes).
    Removing gpio.o(i.GPIODirModeGet), (34 bytes).
    Removing gpio.o(i.GPIOIntClear), (6 bytes).
    Removing gpio.o(i.GPIOIntDisable), (14 bytes).
    Removing gpio.o(i.GPIOIntEnable), (12 bytes).
    Removing gpio.o(i.GPIOIntRegister), (26 bytes).
    Removing gpio.o(i.GPIOIntRegisterPin), (30 bytes).
    Removing gpio.o(i.GPIOIntStatus), (14 bytes).
    Removing gpio.o(i.GPIOIntTypeGet), (68 bytes).
    Removing gpio.o(i.GPIOIntTypeSet), (80 bytes).
    Removing gpio.o(i.GPIOIntUnregister), (22 bytes).
    Removing gpio.o(i.GPIOIntUnregisterPin), (26 bytes).
    Removing gpio.o(i.GPIOPadConfigGet), (204 bytes).
    Removing gpio.o(i.GPIOPinConfigure), (68 bytes).
    Removing gpio.o(i.GPIOPinRead), (6 bytes).
    Removing gpio.o(i.GPIOPinTypeADC), (28 bytes).
    Removing gpio.o(i.GPIOPinTypeCAN), (28 bytes).
    Removing gpio.o(i.GPIOPinTypeComparator), (28 bytes).
    Removing gpio.o(i.GPIOPinTypeComparatorOutput), (28 bytes).
    Removing gpio.o(i.GPIOPinTypeDIVSCLK), (28 bytes).
    Removing gpio.o(i.GPIOPinTypeEPI), (28 bytes).
    Removing gpio.o(i.GPIOPinTypeEthernetLED), (28 bytes).
    Removing gpio.o(i.GPIOPinTypeEthernetMII), (28 bytes).
    Removing gpio.o(i.GPIOPinTypeGPIOOutput), (28 bytes).
    Removing gpio.o(i.GPIOPinTypeGPIOOutputOD), (28 bytes).
    Removing gpio.o(i.GPIOPinTypeHibernateRTCCLK), (28 bytes).
    Removing gpio.o(i.GPIOPinTypeI2C), (28 bytes).
    Removing gpio.o(i.GPIOPinTypeI2CSCL), (28 bytes).
    Removing gpio.o(i.GPIOPinTypeLCD), (28 bytes).
    Removing gpio.o(i.GPIOPinTypeOneWire), (28 bytes).
    Removing gpio.o(i.GPIOPinTypePWM), (28 bytes).
    Removing gpio.o(i.GPIOPinTypeQEI), (28 bytes).
    Removing gpio.o(i.GPIOPinTypeSSI), (28 bytes).
    Removing gpio.o(i.GPIOPinTypeTimer), (28 bytes).
    Removing gpio.o(i.GPIOPinTypeTrace), (28 bytes).
    Removing gpio.o(i.GPIOPinTypeUART), (28 bytes).
    Removing gpio.o(i.GPIOPinTypeUSBAnalog), (28 bytes).
    Removing gpio.o(i.GPIOPinTypeUSBDigital), (28 bytes).
    Removing gpio.o(i.GPIOPinTypeWakeHigh), (30 bytes).
    Removing gpio.o(i.GPIOPinTypeWakeLow), (30 bytes).
    Removing gpio.o(i.GPIOPinWakeStatus), (6 bytes).
    Removing gpio.o(i.GPIOPinWrite), (6 bytes).
    Removing gpio.o(i._GPIOIntNumberGet), (80 bytes).
    Removing gpio.o(.constdata), (552 bytes).
    Removing sysctl.o(.emb_text), (6 bytes).
    Removing sysctl.o(i.SysCtlAltClkConfig), (12 bytes).
    Removing sysctl.o(i.SysCtlClockFreqSet), (740 bytes).
    Removing sysctl.o(i.SysCtlClockGet), (340 bytes).
    Removing sysctl.o(i.SysCtlClockOutConfig), (20 bytes).
    Removing sysctl.o(i.SysCtlClockSet), (288 bytes).
    Removing sysctl.o(i.SysCtlDeepSleep), (32 bytes).
    Removing sysctl.o(i.SysCtlDeepSleepClockConfigSet), (112 bytes).
    Removing sysctl.o(i.SysCtlDeepSleepClockSet), (12 bytes).
    Removing sysctl.o(i.SysCtlDeepSleepPowerSet), (12 bytes).
    Removing sysctl.o(i.SysCtlFlashSectorSizeGet), (56 bytes).
    Removing sysctl.o(i.SysCtlFlashSizeGet), (56 bytes).
    Removing sysctl.o(i.SysCtlGPIOAHBDisable), (28 bytes).
    Removing sysctl.o(i.SysCtlGPIOAHBEnable), (24 bytes).
    Removing sysctl.o(i.SysCtlIntClear), (12 bytes).
    Removing sysctl.o(i.SysCtlIntDisable), (16 bytes).
    Removing sysctl.o(i.SysCtlIntEnable), (16 bytes).
    Removing sysctl.o(i.SysCtlIntRegister), (20 bytes).
    Removing sysctl.o(i.SysCtlIntStatus), (16 bytes).
    Removing sysctl.o(i.SysCtlIntUnregister), (18 bytes).
    Removing sysctl.o(i.SysCtlLDODeepSleepGet), (12 bytes).
    Removing sysctl.o(i.SysCtlLDODeepSleepSet), (12 bytes).
    Removing sysctl.o(i.SysCtlLDOSleepGet), (12 bytes).
    Removing sysctl.o(i.SysCtlLDOSleepSet), (12 bytes).
    Removing sysctl.o(i.SysCtlMOSCConfigSet), (12 bytes).
    Removing sysctl.o(i.SysCtlNMIClear), (16 bytes).
    Removing sysctl.o(i.SysCtlNMIStatus), (12 bytes).
    Removing sysctl.o(i.SysCtlPIOSCCalibrate), (76 bytes).
    Removing sysctl.o(i.SysCtlPWMClockGet), (24 bytes).
    Removing sysctl.o(i.SysCtlPWMClockSet), (20 bytes).
    Removing sysctl.o(i.SysCtlPeripheralClockGating), (68 bytes).
    Removing sysctl.o(i.SysCtlPeripheralDeepSleepDisable), (40 bytes).
    Removing sysctl.o(i.SysCtlPeripheralDeepSleepEnable), (40 bytes).
    Removing sysctl.o(i.SysCtlPeripheralDisable), (40 bytes).
    Removing sysctl.o(i.SysCtlPeripheralPowerOff), (40 bytes).
    Removing sysctl.o(i.SysCtlPeripheralPowerOn), (40 bytes).
    Removing sysctl.o(i.SysCtlPeripheralPresent), (44 bytes).
    Removing sysctl.o(i.SysCtlPeripheralReady), (44 bytes).
    Removing sysctl.o(i.SysCtlPeripheralReset), (60 bytes).
    Removing sysctl.o(i.SysCtlPeripheralSleepDisable), (40 bytes).
    Removing sysctl.o(i.SysCtlPeripheralSleepEnable), (40 bytes).
    Removing sysctl.o(i.SysCtlReset), (16 bytes).
    Removing sysctl.o(i.SysCtlResetBehaviorGet), (12 bytes).
    Removing sysctl.o(i.SysCtlResetBehaviorSet), (12 bytes).
    Removing sysctl.o(i.SysCtlResetCauseClear), (16 bytes).
    Removing sysctl.o(i.SysCtlResetCauseGet), (12 bytes).
    Removing sysctl.o(i.SysCtlSRAMSizeGet), (16 bytes).
    Removing sysctl.o(i.SysCtlSleep), (4 bytes).
    Removing sysctl.o(i.SysCtlSleepPowerSet), (12 bytes).
    Removing sysctl.o(i.SysCtlUSBPLLDisable), (16 bytes).
    Removing sysctl.o(i.SysCtlUSBPLLEnable), (16 bytes).
    Removing sysctl.o(i.SysCtlVCOGet), (120 bytes).
    Removing sysctl.o(i.SysCtlVoltageEventClear), (16 bytes).
    Removing sysctl.o(i.SysCtlVoltageEventConfig), (12 bytes).
    Removing sysctl.o(i.SysCtlVoltageEventStatus), (12 bytes).
    Removing sysctl.o(.constdata), (596 bytes).
    Removing cpu.o(.emb_text), (38 bytes).
    Removing interrupt.o(i.IntDisable), (100 bytes).
    Removing interrupt.o(i.IntEnable), (100 bytes).
    Removing interrupt.o(i.IntIsEnabled), (96 bytes).
    Removing interrupt.o(i.IntMasterDisable), (14 bytes).
    Removing interrupt.o(i.IntMasterEnable), (14 bytes).
    Removing interrupt.o(i.IntPendClear), (68 bytes).
    Removing interrupt.o(i.IntPendSet), (84 bytes).
    Removing interrupt.o(i.IntPriorityGet), (28 bytes).
    Removing interrupt.o(i.IntPriorityGroupingGet), (36 bytes).
    Removing interrupt.o(i.IntPriorityGroupingSet), (28 bytes).
    Removing interrupt.o(i.IntPriorityMaskGet), (4 bytes).
    Removing interrupt.o(i.IntPriorityMaskSet), (4 bytes).
    Removing interrupt.o(i.IntPrioritySet), (40 bytes).
    Removing interrupt.o(i.IntRegister), (52 bytes).
    Removing interrupt.o(i.IntTrigger), (12 bytes).
    Removing interrupt.o(i.IntUnregister), (20 bytes).
    Removing interrupt.o(i._IntDefaultHandler), (2 bytes).
    Removing interrupt.o(.constdata), (268 bytes).
    Removing interrupt.o(vtable), (620 bytes).

342 unused section(s) (total 18442 bytes) removed from the image.

==============================================================================

Image Symbol Table

    Local Symbols

    Symbol Name                              Value     Ov Type        Size  Object(Section)

    ../clib/microlib/init/entry.s            0x00000000   Number         0  entry.o ABSOLUTE
    ../clib/microlib/init/entry.s            0x00000000   Number         0  entry2.o ABSOLUTE
    ../clib/microlib/init/entry.s            0x00000000   Number         0  entry5.o ABSOLUTE
    ../clib/microlib/init/entry.s            0x00000000   Number         0  entry7a.o ABSOLUTE
    ../clib/microlib/init/entry.s            0x00000000   Number         0  entry7b.o ABSOLUTE
    ../clib/microlib/init/entry.s            0x00000000   Number         0  entry8a.o ABSOLUTE
    ../clib/microlib/init/entry.s            0x00000000   Number         0  entry8b.o ABSOLUTE
    ../clib/microlib/init/entry.s            0x00000000   Number         0  entry9a.o ABSOLUTE
    ../clib/microlib/init/entry.s            0x00000000   Number         0  entry9b.o ABSOLUTE
    ../clib/microlib/init/entry.s            0x00000000   Number         0  entry10a.o ABSOLUTE
    ../clib/microlib/init/entry.s            0x00000000   Number         0  entry10b.o ABSOLUTE
    ../clib/microlib/init/entry.s            0x00000000   Number         0  entry11a.o ABSOLUTE
    ../clib/microlib/init/entry.s            0x00000000   Number         0  entry11b.o ABSOLUTE
    ../clib/microlib/string/memcpy.c         0x00000000   Number         0  memcpya.o ABSOLUTE
    ../clib/microlib/string/memcpy.c         0x00000000   Number         0  memcpyb.o ABSOLUTE
    ../clib/microlib/string/memset.c         0x00000000   Number         0  memseta.o ABSOLUTE
    ../clib/microlib/string/strlen.c         0x00000000   Number         0  strlen.o ABSOLUTE
    DIO.c                                    0x00000000   Number         0  dio.o ABSOLUTE
    RTE/Device/TM4C123GH6PM/startup_TM4C123.s 0x00000000   Number         0  startup_tm4c123.o ABSOLUTE
    cpu.c                                    0x00000000   Number         0  cpu.o ABSOLUTE
    cpu.c                                    0x00000000   Number         0  cpu.o ABSOLUTE
    dc.s                                     0x00000000   Number         0  dc.o ABSOLUTE
    freertos_evr.c                           0x00000000   Number         0  freertos_evr.o ABSOLUTE
    gpio.c                                   0x00000000   Number         0  gpio.o ABSOLUTE
    handlers.s                               0x00000000   Number         0  handlers.o ABSOLUTE
    heap_1.c                                 0x00000000   Number         0  heap_1.o ABSOLUTE
    init.s                                   0x00000000   Number         0  init.o ABSOLUTE
    interrupt.c                              0x00000000   Number         0  interrupt.o ABSOLUTE
    list.c                                   0x00000000   Number         0  list.o ABSOLUTE
    main.c                                   0x00000000   Number         0  main.o ABSOLUTE
    motor_driver.c                           0x00000000   Number         0  motor_driver.o ABSOLUTE
    port.c                                   0x00000000   Number         0  port.o ABSOLUTE
    queue.c                                  0x00000000   Number         0  queue.o ABSOLUTE
    sysctl.c                                 0x00000000   Number         0  sysctl.o ABSOLUTE
    sysctl.c                                 0x00000000   Number         0  sysctl.o ABSOLUTE
    system_TM4C123.c                         0x00000000   Number         0  system_tm4c123.o ABSOLUTE
    tasks.c                                  0x00000000   Number         0  tasks.o ABSOLUTE
    RESET                                    0x00000000   Section      620  startup_tm4c123.o(RESET)
    .ARM.Collect$$$$00000000                 0x0000026c   Section        0  entry.o(.ARM.Collect$$$$00000000)
    .ARM.Collect$$$$00000001                 0x0000026c   Section        4  entry2.o(.ARM.Collect$$$$00000001)
    .ARM.Collect$$$$00000004                 0x00000270   Section        4  entry5.o(.ARM.Collect$$$$00000004)
    .ARM.Collect$$$$00000008                 0x00000274   Section        0  entry7b.o(.ARM.Collect$$$$00000008)
    .ARM.Collect$$$$0000000A                 0x00000274   Section        0  entry8b.o(.ARM.Collect$$$$0000000A)
    .ARM.Collect$$$$0000000B                 0x00000274   Section        8  entry9a.o(.ARM.Collect$$$$0000000B)
    __lit__00000000                          0x0000027c   Data           4  entry2.o(.ARM.Collect$$$$00002712)
    .ARM.Collect$$$$0000000D                 0x0000027c   Section        0  entry10a.o(.ARM.Collect$$$$0000000D)
    .ARM.Collect$$$$0000000F                 0x0000027c   Section        0  entry11a.o(.ARM.Collect$$$$0000000F)
    .ARM.Collect$$$$00002712                 0x0000027c   Section        4  entry2.o(.ARM.Collect$$$$00002712)
    $v0                                      0x00000280   Number         0  startup_tm4c123.o(.text)
    .text                                    0x00000280   Section      252  startup_tm4c123.o(.text)
    .text                                    0x0000037c   Section        0  memcpya.o(.text)
    .text                                    0x000003a0   Section        0  memseta.o(.text)
    .text                                    0x000003c4   Section       36  init.o(.text)
    [Anonymous Symbol]                       0x000003e8   Section        0  dio.o(.text.DIO_Init)
    [Anonymous Symbol]                       0x00000644   Section        0  main.o(.text.DOWN)
    [Anonymous Symbol]                       0x000006e4   Section        0  main.o(.text.Emergency)
    [Anonymous Symbol]                       0x00000750   Section        0  port.o(.text.PendSV_Handler)
    pxCurrentTCBConst                        0x000007b0   Number         0  port.o(.text.PendSV_Handler)
    [Anonymous Symbol]                       0x000007c0   Section        0  port.o(.text.SVC_Handler)
    pxCurrentTCBConst2                       0x000007e0   Number         0  port.o(.text.SVC_Handler)
    [Anonymous Symbol]                       0x000007e4   Section        0  port.o(.text.SysTick_Handler)
    [Anonymous Symbol]                       0x00000820   Section        0  system_tm4c123.o(.text.SystemInit)
    [Anonymous Symbol]                       0x0000092c   Section        0  main.o(.text.Task1)
    [Anonymous Symbol]                       0x00000a2c   Section        0  main.o(.text.Task2)
    [Anonymous Symbol]                       0x00000b2c   Section        0  main.o(.text.Task3)
    [Anonymous Symbol]                       0x00000b8c   Section        0  main.o(.text.UP)
    [Anonymous Symbol]                       0x00000cb0   Section        0  tasks.o(.text.eTaskConfirmSleepModeStatus)
    [Anonymous Symbol]                       0x00000d30   Section        0  main.o(.text.main)
    [Anonymous Symbol]                       0x00000eb0   Section        0  motor_driver.o(.text.motor_down)
    [Anonymous Symbol]                       0x00000ecc   Section        0  motor_driver.o(.text.motor_stop)
    [Anonymous Symbol]                       0x00000ee8   Section        0  motor_driver.o(.text.motor_up)
    prvAddCurrentTaskToDelayedList           0x00000f05   Thumb Code   290  tasks.o(.text.prvAddCurrentTaskToDelayedList)
    [Anonymous Symbol]                       0x00000f04   Section        0  tasks.o(.text.prvAddCurrentTaskToDelayedList)
    prvAddNewTaskToReadyList                 0x00001029   Thumb Code   340  tasks.o(.text.prvAddNewTaskToReadyList)
    [Anonymous Symbol]                       0x00001028   Section        0  tasks.o(.text.prvAddNewTaskToReadyList)
    prvCheckTasksWaitingTermination          0x0000117d   Thumb Code    90  tasks.o(.text.prvCheckTasksWaitingTermination)
    [Anonymous Symbol]                       0x0000117c   Section        0  tasks.o(.text.prvCheckTasksWaitingTermination)
    prvCopyDataFromQueue                     0x000011d9   Thumb Code    66  queue.o(.text.prvCopyDataFromQueue)
    [Anonymous Symbol]                       0x000011d8   Section        0  queue.o(.text.prvCopyDataFromQueue)
    prvCopyDataToQueue                       0x0000121d   Thumb Code   204  queue.o(.text.prvCopyDataToQueue)
    [Anonymous Symbol]                       0x0000121c   Section        0  queue.o(.text.prvCopyDataToQueue)
    prvDeleteTCB                             0x000012e9   Thumb Code    24  tasks.o(.text.prvDeleteTCB)
    [Anonymous Symbol]                       0x000012e8   Section        0  tasks.o(.text.prvDeleteTCB)
    prvGetDisinheritPriorityAfterTimeout     0x00001301   Thumb Code    38  queue.o(.text.prvGetDisinheritPriorityAfterTimeout)
    [Anonymous Symbol]                       0x00001300   Section        0  queue.o(.text.prvGetDisinheritPriorityAfterTimeout)
    prvGetExpectedIdleTime                   0x00001329   Thumb Code   124  tasks.o(.text.prvGetExpectedIdleTime)
    [Anonymous Symbol]                       0x00001328   Section        0  tasks.o(.text.prvGetExpectedIdleTime)
    prvIdleTask                              0x000013a5   Thumb Code   154  tasks.o(.text.prvIdleTask)
    [Anonymous Symbol]                       0x000013a4   Section        0  tasks.o(.text.prvIdleTask)
    prvInitialiseMutex                       0x00001441   Thumb Code    44  queue.o(.text.prvInitialiseMutex)
    [Anonymous Symbol]                       0x00001440   Section        0  queue.o(.text.prvInitialiseMutex)
    prvInitialiseNewQueue                    0x0000146d   Thumb Code    78  queue.o(.text.prvInitialiseNewQueue)
    [Anonymous Symbol]                       0x0000146c   Section        0  queue.o(.text.prvInitialiseNewQueue)
    prvInitialiseNewTask                     0x000014bd   Thumb Code   292  tasks.o(.text.prvInitialiseNewTask)
    [Anonymous Symbol]                       0x000014bc   Section        0  tasks.o(.text.prvInitialiseNewTask)
    prvInitialiseTaskLists                   0x000015e1   Thumb Code   142  tasks.o(.text.prvInitialiseTaskLists)
    [Anonymous Symbol]                       0x000015e0   Section        0  tasks.o(.text.prvInitialiseTaskLists)
    prvIsQueueEmpty                          0x00001671   Thumb Code    40  queue.o(.text.prvIsQueueEmpty)
    [Anonymous Symbol]                       0x00001670   Section        0  queue.o(.text.prvIsQueueEmpty)
    prvIsQueueFull                           0x00001699   Thumb Code    46  queue.o(.text.prvIsQueueFull)
    [Anonymous Symbol]                       0x00001698   Section        0  queue.o(.text.prvIsQueueFull)
    prvNotifyQueueSetContainer               0x000016c9   Thumb Code   236  queue.o(.text.prvNotifyQueueSetContainer)
    [Anonymous Symbol]                       0x000016c8   Section        0  queue.o(.text.prvNotifyQueueSetContainer)
    prvPortStartFirstTask                    0x000017b5   Thumb Code    40  port.o(.text.prvPortStartFirstTask)
    [Anonymous Symbol]                       0x000017b4   Section        0  port.o(.text.prvPortStartFirstTask)
    prvResetNextTaskUnblockTime              0x000017dd   Thumb Code    60  tasks.o(.text.prvResetNextTaskUnblockTime)
    [Anonymous Symbol]                       0x000017dc   Section        0  tasks.o(.text.prvResetNextTaskUnblockTime)
    prvTaskExitError                         0x00001819   Thumb Code    76  port.o(.text.prvTaskExitError)
    [Anonymous Symbol]                       0x00001818   Section        0  port.o(.text.prvTaskExitError)
    prvTaskIsTaskSuspended                   0x00001865   Thumb Code   106  tasks.o(.text.prvTaskIsTaskSuspended)
    [Anonymous Symbol]                       0x00001864   Section        0  tasks.o(.text.prvTaskIsTaskSuspended)
    prvUnlockQueue                           0x000018d1   Thumb Code   204  queue.o(.text.prvUnlockQueue)
    [Anonymous Symbol]                       0x000018d0   Section        0  queue.o(.text.prvUnlockQueue)
    [Anonymous Symbol]                       0x0000199c   Section        0  heap_1.o(.text.pvPortMalloc)
    [Anonymous Symbol]                       0x00001a5c   Section        0  tasks.o(.text.pvTaskIncrementMutexHeldCount)
    [Anonymous Symbol]                       0x00001a88   Section        0  port.o(.text.pxPortInitialiseStack)
    [Anonymous Symbol]                       0x00001ae8   Section        0  list.o(.text.uxListRemove)
    [Anonymous Symbol]                       0x00001b30   Section        0  tasks.o(.text.uxTaskGetNumberOfTasks)
    [Anonymous Symbol]                       0x00001b3c   Section        0  list.o(.text.vListInitialise)
    [Anonymous Symbol]                       0x00001b6c   Section        0  list.o(.text.vListInitialiseItem)
    [Anonymous Symbol]                       0x00001b7c   Section        0  list.o(.text.vListInsert)
    [Anonymous Symbol]                       0x00001be8   Section        0  list.o(.text.vListInsertEnd)
    vPortEnableVFP                           0x00001c25   Thumb Code    20  port.o(.text.vPortEnableVFP)
    [Anonymous Symbol]                       0x00001c24   Section        0  port.o(.text.vPortEnableVFP)
    [Anonymous Symbol]                       0x00001c38   Section        0  port.o(.text.vPortEnterCritical)
    [Anonymous Symbol]                       0x00001c90   Section        0  port.o(.text.vPortExitCritical)
    [Anonymous Symbol]                       0x00001cdc   Section        0  heap_1.o(.text.vPortFree)
    [Anonymous Symbol]                       0x00001d00   Section        0  port.o(.text.vPortSetupTimerInterrupt)
    [Anonymous Symbol]                       0x00001d78   Section        0  port.o(.text.vPortSuppressTicksAndSleep)
    [Anonymous Symbol]                       0x00001f98   Section        0  tasks.o(.text.vTaskDelay)
    [Anonymous Symbol]                       0x00002008   Section        0  tasks.o(.text.vTaskInternalSetTimeOutState)
    [Anonymous Symbol]                       0x0000202c   Section        0  tasks.o(.text.vTaskMissedYield)
    [Anonymous Symbol]                       0x0000203c   Section        0  tasks.o(.text.vTaskPlaceOnEventList)
    [Anonymous Symbol]                       0x00002080   Section        0  tasks.o(.text.vTaskPriorityDisinheritAfterTimeout)
    [Anonymous Symbol]                       0x00002204   Section        0  tasks.o(.text.vTaskResume)
    [Anonymous Symbol]                       0x0000230c   Section        0  tasks.o(.text.vTaskStartScheduler)
    [Anonymous Symbol]                       0x000023b0   Section        0  tasks.o(.text.vTaskStepTick)
    [Anonymous Symbol]                       0x0000247c   Section        0  tasks.o(.text.vTaskSuspend)
    [Anonymous Symbol]                       0x000025f8   Section        0  tasks.o(.text.vTaskSuspendAll)
    __tagsym$$used.0                         0x00002608   Number         0  tasks.o(.text.vTaskSwitchContext)
    [Anonymous Symbol]                       0x00002608   Section        0  tasks.o(.text.vTaskSwitchContext)
    [Anonymous Symbol]                       0x000026c8   Section        0  port.o(.text.xPortStartScheduler)
    [Anonymous Symbol]                       0x00002820   Section        0  queue.o(.text.xQueueCreateMutex)
    [Anonymous Symbol]                       0x00002848   Section        0  queue.o(.text.xQueueGenericCreate)
    [Anonymous Symbol]                       0x000028e4   Section        0  queue.o(.text.xQueueGenericReset)
    [Anonymous Symbol]                       0x000029ec   Section        0  queue.o(.text.xQueueGenericSend)
    [Anonymous Symbol]                       0x00002c60   Section        0  queue.o(.text.xQueueGetMutexHolder)
    [Anonymous Symbol]                       0x00002cac   Section        0  queue.o(.text.xQueueReceive)
    [Anonymous Symbol]                       0x00002e88   Section        0  queue.o(.text.xQueueSemaphoreTake)
    [Anonymous Symbol]                       0x00003098   Section        0  tasks.o(.text.xTaskCheckForTimeOut)
    [Anonymous Symbol]                       0x00003194   Section        0  tasks.o(.text.xTaskCreate)
    [Anonymous Symbol]                       0x00003234   Section        0  tasks.o(.text.xTaskDelayUntil)
    [Anonymous Symbol]                       0x0000334c   Section        0  tasks.o(.text.xTaskGetSchedulerState)
    [Anonymous Symbol]                       0x00003384   Section        0  tasks.o(.text.xTaskGetTickCount)
    [Anonymous Symbol]                       0x00003398   Section        0  tasks.o(.text.xTaskIncrementTick)
    [Anonymous Symbol]                       0x000035f8   Section        0  tasks.o(.text.xTaskPriorityDisinherit)
    [Anonymous Symbol]                       0x00003730   Section        0  tasks.o(.text.xTaskPriorityInherit)
    [Anonymous Symbol]                       0x0000388c   Section        0  tasks.o(.text.xTaskRemoveFromEventList)
    [Anonymous Symbol]                       0x00003a20   Section        0  tasks.o(.text.xTaskResumeAll)
    i.GPIODirModeSet                         0x00003c42   Section        0  gpio.o(i.GPIODirModeSet)
    i.GPIOPadConfigSet                       0x00003c6a   Section        0  gpio.o(i.GPIOPadConfigSet)
    i.GPIOPinTypeGPIOInput                   0x00003da2   Section        0  gpio.o(i.GPIOPinTypeGPIOInput)
    i.SysCtlPeripheralEnable                 0x00003dc0   Section        0  sysctl.o(i.SysCtlPeripheralEnable)
    i.__scatterload_copy                     0x00003de8   Section       14  handlers.o(i.__scatterload_copy)
    i.__scatterload_null                     0x00003df6   Section        2  handlers.o(i.__scatterload_null)
    i.__scatterload_zeroinit                 0x00003df8   Section       14  handlers.o(i.__scatterload_zeroinit)
    .L.str.4                                 0x00003e06   Data           5  main.o(.rodata.str1.1)
    [Anonymous Symbol]                       0x00003e06   Section        0  main.o(.rodata.str1.1)
    .L.str.3                                 0x00003e0b   Data           3  main.o(.rodata.str1.1)
    .L.str.2                                 0x00003e0e   Data          11  main.o(.rodata.str1.1)
    .L.str.1                                 0x00003e19   Data          18  main.o(.rodata.str1.1)
    .L.str                                   0x00003e2b   Data          15  main.o(.rodata.str1.1)
    .L.str.5                                 0x00003e3a   Data          15  main.o(.rodata.str1.1)
    .L.str                                   0x00003e49   Data           5  tasks.o(.rodata.str1.1)
    [Anonymous Symbol]                       0x00003e49   Section        0  tasks.o(.rodata.str1.1)
    uxCriticalNesting                        0x20000004   Data           4  port.o(.data.uxCriticalNesting)
    [Anonymous Symbol]                       0x20000004   Section        0  port.o(.data.uxCriticalNesting)
    pvPortMalloc.pucAlignedHeap              0x20000014   Data           4  heap_1.o(.bss.pvPortMalloc.pucAlignedHeap)
    [Anonymous Symbol]                       0x20000014   Section        0  heap_1.o(.bss.pvPortMalloc.pucAlignedHeap)
    __tagsym$$used.1                         0x20000018   Number         0  tasks.o(.bss.pxCurrentTCB)
    pxDelayedTaskList                        0x2000001c   Data           4  tasks.o(.bss.pxDelayedTaskList)
    [Anonymous Symbol]                       0x2000001c   Section        0  tasks.o(.bss.pxDelayedTaskList)
    pxOverflowDelayedTaskList                0x20000020   Data           4  tasks.o(.bss.pxOverflowDelayedTaskList)
    [Anonymous Symbol]                       0x20000020   Section        0  tasks.o(.bss.pxOverflowDelayedTaskList)
    pxReadyTasksLists                        0x20000024   Data         100  tasks.o(.bss.pxReadyTasksLists)
    [Anonymous Symbol]                       0x20000024   Section        0  tasks.o(.bss.pxReadyTasksLists)
    ucHeap                                   0x2000008c   Data        8192  heap_1.o(.bss.ucHeap)
    [Anonymous Symbol]                       0x2000008c   Section        0  heap_1.o(.bss.ucHeap)
    ucMaxSysCallPriority                     0x2000208c   Data           1  port.o(.bss.ucMaxSysCallPriority)
    [Anonymous Symbol]                       0x2000208c   Section        0  port.o(.bss.ucMaxSysCallPriority)
    ulMaxPRIGROUPValue                       0x20002090   Data           4  port.o(.bss.ulMaxPRIGROUPValue)
    [Anonymous Symbol]                       0x20002090   Section        0  port.o(.bss.ulMaxPRIGROUPValue)
    ulStoppedTimerCompensation               0x20002094   Data           4  port.o(.bss.ulStoppedTimerCompensation)
    [Anonymous Symbol]                       0x20002094   Section        0  port.o(.bss.ulStoppedTimerCompensation)
    ulTimerCountsForOneTick                  0x20002098   Data           4  port.o(.bss.ulTimerCountsForOneTick)
    [Anonymous Symbol]                       0x20002098   Section        0  port.o(.bss.ulTimerCountsForOneTick)
    uxCurrentNumberOfTasks                   0x2000209c   Data           4  tasks.o(.bss.uxCurrentNumberOfTasks)
    [Anonymous Symbol]                       0x2000209c   Section        0  tasks.o(.bss.uxCurrentNumberOfTasks)
    uxDeletedTasksWaitingCleanUp             0x200020a0   Data           4  tasks.o(.bss.uxDeletedTasksWaitingCleanUp)
    [Anonymous Symbol]                       0x200020a0   Section        0  tasks.o(.bss.uxDeletedTasksWaitingCleanUp)
    uxSchedulerSuspended                     0x200020a4   Data           4  tasks.o(.bss.uxSchedulerSuspended)
    [Anonymous Symbol]                       0x200020a4   Section        0  tasks.o(.bss.uxSchedulerSuspended)
    uxTaskNumber                             0x200020a8   Data           4  tasks.o(.bss.uxTaskNumber)
    [Anonymous Symbol]                       0x200020a8   Section        0  tasks.o(.bss.uxTaskNumber)
    uxTopReadyPriority                       0x200020ac   Data           4  tasks.o(.bss.uxTopReadyPriority)
    [Anonymous Symbol]                       0x200020ac   Section        0  tasks.o(.bss.uxTopReadyPriority)
    xDelayedTaskList1                        0x200020b0   Data          20  tasks.o(.bss.xDelayedTaskList1)
    [Anonymous Symbol]                       0x200020b0   Section        0  tasks.o(.bss.xDelayedTaskList1)
    xDelayedTaskList2                        0x200020c4   Data          20  tasks.o(.bss.xDelayedTaskList2)
    [Anonymous Symbol]                       0x200020c4   Section        0  tasks.o(.bss.xDelayedTaskList2)
    xIdleTaskHandle                          0x200020d8   Data           4  tasks.o(.bss.xIdleTaskHandle)
    [Anonymous Symbol]                       0x200020d8   Section        0  tasks.o(.bss.xIdleTaskHandle)
    xMaximumPossibleSuppressedTicks          0x200020dc   Data           4  port.o(.bss.xMaximumPossibleSuppressedTicks)
    [Anonymous Symbol]                       0x200020dc   Section        0  port.o(.bss.xMaximumPossibleSuppressedTicks)
    xNextFreeByte                            0x200020e0   Data           4  heap_1.o(.bss.xNextFreeByte)
    [Anonymous Symbol]                       0x200020e0   Section        0  heap_1.o(.bss.xNextFreeByte)
    xNextTaskUnblockTime                     0x200020e4   Data           4  tasks.o(.bss.xNextTaskUnblockTime)
    [Anonymous Symbol]                       0x200020e4   Section        0  tasks.o(.bss.xNextTaskUnblockTime)
    xNumOfOverflows                          0x200020e8   Data           4  tasks.o(.bss.xNumOfOverflows)
    [Anonymous Symbol]                       0x200020e8   Section        0  tasks.o(.bss.xNumOfOverflows)
    xPendedTicks                             0x200020ec   Data           4  tasks.o(.bss.xPendedTicks)
    [Anonymous Symbol]                       0x200020ec   Section        0  tasks.o(.bss.xPendedTicks)
    xPendingReadyList                        0x200020f0   Data          20  tasks.o(.bss.xPendingReadyList)
    [Anonymous Symbol]                       0x200020f0   Section        0  tasks.o(.bss.xPendingReadyList)
    xSchedulerRunning                        0x2000210c   Data           4  tasks.o(.bss.xSchedulerRunning)
    [Anonymous Symbol]                       0x2000210c   Section        0  tasks.o(.bss.xSchedulerRunning)
    xSuspendedTaskList                       0x20002110   Data          20  tasks.o(.bss.xSuspendedTaskList)
    [Anonymous Symbol]                       0x20002110   Section        0  tasks.o(.bss.xSuspendedTaskList)
    xTasksWaitingTermination                 0x20002124   Data          20  tasks.o(.bss.xTasksWaitingTermination)
    [Anonymous Symbol]                       0x20002124   Section        0  tasks.o(.bss.xTasksWaitingTermination)
    xTickCount                               0x20002138   Data           4  tasks.o(.bss.xTickCount)
    [Anonymous Symbol]                       0x20002138   Section        0  tasks.o(.bss.xTickCount)
    xYieldPending                            0x2000213c   Data           4  tasks.o(.bss.xYieldPending)
    [Anonymous Symbol]                       0x2000213c   Section        0  tasks.o(.bss.xYieldPending)
    STACK                                    0x20002140   Section      512  startup_tm4c123.o(STACK)

    Global Symbols

    Symbol Name                              Value     Ov Type        Size  Object(Section)

    BuildAttributes$$THM_ISAv4$E$P$D$K$B$S$7EM$VFPi3$EXTD16$VFPS$VFMA$PE$A:L22UL41UL21$X:L11$S22US41US21$IEEE1$IW$~IW$USESV6$~STKCKD$USESV7$~SHL$OTIME$EBA8$MICROLIB$REQ8$PRES8$EABIv2 0x00000000   Number         0  anon$$obj.o ABSOLUTE
    __Vectors                                0x00000000   Data           4  startup_tm4c123.o(RESET)
    __cpp_initialize__aeabi_                  - Undefined Weak Reference
    __cxa_finalize                            - Undefined Weak Reference
    __decompress                              - Undefined Weak Reference
    _clock_init                               - Undefined Weak Reference
    _microlib_exit                            - Undefined Weak Reference
    __Vectors_End                            0x0000026c   Data           0  startup_tm4c123.o(RESET)
    __Vectors_Size                           0x0000026c   Number         0  startup_tm4c123.o ABSOLUTE
    __main                                   0x0000026d   Thumb Code     0  entry.o(.ARM.Collect$$$$00000000)
    _main_stk                                0x0000026d   Thumb Code     0  entry2.o(.ARM.Collect$$$$00000001)
    _main_scatterload                        0x00000271   Thumb Code     0  entry5.o(.ARM.Collect$$$$00000004)
    __main_after_scatterload                 0x00000275   Thumb Code     0  entry5.o(.ARM.Collect$$$$00000004)
    _main_clock                              0x00000275   Thumb Code     0  entry7b.o(.ARM.Collect$$$$00000008)
    _main_cpp_init                           0x00000275   Thumb Code     0  entry8b.o(.ARM.Collect$$$$0000000A)
    _main_init                               0x00000275   Thumb Code     0  entry9a.o(.ARM.Collect$$$$0000000B)
    __rt_final_cpp                           0x0000027d   Thumb Code     0  entry10a.o(.ARM.Collect$$$$0000000D)
    __rt_final_exit                          0x0000027d   Thumb Code     0  entry11a.o(.ARM.Collect$$$$0000000F)
    Reset_Handler                            0x00000281   Thumb Code     8  startup_tm4c123.o(.text)
    NMI_Handler                              0x00000289   Thumb Code     2  startup_tm4c123.o(.text)
    HardFault_Handler                        0x0000028b   Thumb Code     2  startup_tm4c123.o(.text)
    MemManage_Handler                        0x0000028d   Thumb Code     2  startup_tm4c123.o(.text)
    BusFault_Handler                         0x0000028f   Thumb Code     2  startup_tm4c123.o(.text)
    UsageFault_Handler                       0x00000291   Thumb Code     2  startup_tm4c123.o(.text)
    DebugMon_Handler                         0x00000295   Thumb Code     2  startup_tm4c123.o(.text)
    GPIOA_Handler                            0x0000029b   Thumb Code     2  startup_tm4c123.o(.text)
    GPIOB_Handler                            0x0000029d   Thumb Code     2  startup_tm4c123.o(.text)
    GPIOC_Handler                            0x0000029f   Thumb Code     2  startup_tm4c123.o(.text)
    GPIOD_Handler                            0x000002a1   Thumb Code     2  startup_tm4c123.o(.text)
    GPIOE_Handler                            0x000002a3   Thumb Code     2  startup_tm4c123.o(.text)
    UART0_Handler                            0x000002a5   Thumb Code     2  startup_tm4c123.o(.text)
    UART1_Handler                            0x000002a7   Thumb Code     2  startup_tm4c123.o(.text)
    SSI0_Handler                             0x000002a9   Thumb Code     2  startup_tm4c123.o(.text)
    I2C0_Handler                             0x000002ab   Thumb Code     2  startup_tm4c123.o(.text)
    PMW0_FAULT_Handler                       0x000002ad   Thumb Code     2  startup_tm4c123.o(.text)
    PWM0_0_Handler                           0x000002af   Thumb Code     2  startup_tm4c123.o(.text)
    PWM0_1_Handler                           0x000002b1   Thumb Code     2  startup_tm4c123.o(.text)
    PWM0_2_Handler                           0x000002b3   Thumb Code     2  startup_tm4c123.o(.text)
    QEI0_Handler                             0x000002b5   Thumb Code     2  startup_tm4c123.o(.text)
    ADC0SS0_Handler                          0x000002b7   Thumb Code     2  startup_tm4c123.o(.text)
    ADC0SS1_Handler                          0x000002b9   Thumb Code     2  startup_tm4c123.o(.text)
    ADC0SS2_Handler                          0x000002bb   Thumb Code     2  startup_tm4c123.o(.text)
    ADC0SS3_Handler                          0x000002bd   Thumb Code     2  startup_tm4c123.o(.text)
    WDT0_Handler                             0x000002bf   Thumb Code     2  startup_tm4c123.o(.text)
    TIMER0A_Handler                          0x000002c1   Thumb Code     2  startup_tm4c123.o(.text)
    TIMER0B_Handler                          0x000002c3   Thumb Code     2  startup_tm4c123.o(.text)
    TIMER1A_Handler                          0x000002c5   Thumb Code     2  startup_tm4c123.o(.text)
    TIMER1B_Handler                          0x000002c7   Thumb Code     2  startup_tm4c123.o(.text)
    TIMER2A_Handler                          0x000002c9   Thumb Code     2  startup_tm4c123.o(.text)
    TIMER2B_Handler                          0x000002cb   Thumb Code     2  startup_tm4c123.o(.text)
    COMP0_Handler                            0x000002cd   Thumb Code     2  startup_tm4c123.o(.text)
    COMP1_Handler                            0x000002cf   Thumb Code     2  startup_tm4c123.o(.text)
    COMP2_Handler                            0x000002d1   Thumb Code     2  startup_tm4c123.o(.text)
    SYSCTL_Handler                           0x000002d3   Thumb Code     2  startup_tm4c123.o(.text)
    FLASH_Handler                            0x000002d5   Thumb Code     2  startup_tm4c123.o(.text)
    GPIOF_Handler                            0x000002d7   Thumb Code     2  startup_tm4c123.o(.text)
    GPIOG_Handler                            0x000002d9   Thumb Code     2  startup_tm4c123.o(.text)
    GPIOH_Handler                            0x000002db   Thumb Code     2  startup_tm4c123.o(.text)
    UART2_Handler                            0x000002dd   Thumb Code     2  startup_tm4c123.o(.text)
    SSI1_Handler                             0x000002df   Thumb Code     2  startup_tm4c123.o(.text)
    TIMER3A_Handler                          0x000002e1   Thumb Code     2  startup_tm4c123.o(.text)
    TIMER3B_Handler                          0x000002e3   Thumb Code     2  startup_tm4c123.o(.text)
    I2C1_Handler                             0x000002e5   Thumb Code     2  startup_tm4c123.o(.text)
    QEI1_Handler                             0x000002e7   Thumb Code     2  startup_tm4c123.o(.text)
    CAN0_Handler                             0x000002e9   Thumb Code     2  startup_tm4c123.o(.text)
    CAN1_Handler                             0x000002eb   Thumb Code     2  startup_tm4c123.o(.text)
    CAN2_Handler                             0x000002ed   Thumb Code     2  startup_tm4c123.o(.text)
    HIB_Handler                              0x000002ef   Thumb Code     2  startup_tm4c123.o(.text)
    USB0_Handler                             0x000002f1   Thumb Code     2  startup_tm4c123.o(.text)
    PWM0_3_Handler                           0x000002f3   Thumb Code     2  startup_tm4c123.o(.text)
    UDMA_Handler                             0x000002f5   Thumb Code     2  startup_tm4c123.o(.text)
    UDMAERR_Handler                          0x000002f7   Thumb Code     2  startup_tm4c123.o(.text)
    ADC1SS0_Handler                          0x000002f9   Thumb Code     2  startup_tm4c123.o(.text)
    ADC1SS1_Handler                          0x000002fb   Thumb Code     2  startup_tm4c123.o(.text)
    ADC1SS2_Handler                          0x000002fd   Thumb Code     2  startup_tm4c123.o(.text)
    ADC1SS3_Handler                          0x000002ff   Thumb Code     2  startup_tm4c123.o(.text)
    GPIOJ_Handler                            0x00000301   Thumb Code     2  startup_tm4c123.o(.text)
    GPIOK_Handler                            0x00000303   Thumb Code     2  startup_tm4c123.o(.text)
    GPIOL_Handler                            0x00000305   Thumb Code     2  startup_tm4c123.o(.text)
    SSI2_Handler                             0x00000307   Thumb Code     2  startup_tm4c123.o(.text)
    SSI3_Handler                             0x00000309   Thumb Code     2  startup_tm4c123.o(.text)
    UART3_Handler                            0x0000030b   Thumb Code     2  startup_tm4c123.o(.text)
    UART4_Handler                            0x0000030d   Thumb Code     2  startup_tm4c123.o(.text)
    UART5_Handler                            0x0000030f   Thumb Code     2  startup_tm4c123.o(.text)
    UART6_Handler                            0x00000311   Thumb Code     2  startup_tm4c123.o(.text)
    UART7_Handler                            0x00000313   Thumb Code     2  startup_tm4c123.o(.text)
    I2C2_Handler                             0x00000315   Thumb Code     2  startup_tm4c123.o(.text)
    I2C3_Handler                             0x00000317   Thumb Code     2  startup_tm4c123.o(.text)
    TIMER4A_Handler                          0x00000319   Thumb Code     2  startup_tm4c123.o(.text)
    TIMER4B_Handler                          0x0000031b   Thumb Code     2  startup_tm4c123.o(.text)
    TIMER5A_Handler                          0x0000031d   Thumb Code     2  startup_tm4c123.o(.text)
    TIMER5B_Handler                          0x0000031f   Thumb Code     2  startup_tm4c123.o(.text)
    WTIMER0A_Handler                         0x00000321   Thumb Code     2  startup_tm4c123.o(.text)
    WTIMER0B_Handler                         0x00000323   Thumb Code     2  startup_tm4c123.o(.text)
    WTIMER1A_Handler                         0x00000325   Thumb Code     2  startup_tm4c123.o(.text)
    WTIMER1B_Handler                         0x00000327   Thumb Code     2  startup_tm4c123.o(.text)
    WTIMER2A_Handler                         0x00000329   Thumb Code     2  startup_tm4c123.o(.text)
    WTIMER2B_Handler                         0x0000032b   Thumb Code     2  startup_tm4c123.o(.text)
    WTIMER3A_Handler                         0x0000032d   Thumb Code     2  startup_tm4c123.o(.text)
    WTIMER3B_Handler                         0x0000032f   Thumb Code     2  startup_tm4c123.o(.text)
    WTIMER4A_Handler                         0x00000331   Thumb Code     2  startup_tm4c123.o(.text)
    WTIMER4B_Handler                         0x00000333   Thumb Code     2  startup_tm4c123.o(.text)
    WTIMER5A_Handler                         0x00000335   Thumb Code     2  startup_tm4c123.o(.text)
    WTIMER5B_Handler                         0x00000337   Thumb Code     2  startup_tm4c123.o(.text)
    FPU_Handler                              0x00000339   Thumb Code     2  startup_tm4c123.o(.text)
    I2C4_Handler                             0x0000033b   Thumb Code     2  startup_tm4c123.o(.text)
    I2C5_Handler                             0x0000033d   Thumb Code     2  startup_tm4c123.o(.text)
    GPIOM_Handler                            0x0000033f   Thumb Code     2  startup_tm4c123.o(.text)
    GPION_Handler                            0x00000341   Thumb Code     2  startup_tm4c123.o(.text)
    QEI2_Handler                             0x00000343   Thumb Code     2  startup_tm4c123.o(.text)
    GPIOP0_Handler                           0x00000345   Thumb Code     2  startup_tm4c123.o(.text)
    GPIOP1_Handler                           0x00000347   Thumb Code     2  startup_tm4c123.o(.text)
    GPIOP2_Handler                           0x00000349   Thumb Code     2  startup_tm4c123.o(.text)
    GPIOP3_Handler                           0x0000034b   Thumb Code     2  startup_tm4c123.o(.text)
    GPIOP4_Handler                           0x0000034d   Thumb Code     2  startup_tm4c123.o(.text)
    GPIOP5_Handler                           0x0000034f   Thumb Code     2  startup_tm4c123.o(.text)
    GPIOP6_Handler                           0x00000351   Thumb Code     2  startup_tm4c123.o(.text)
    GPIOP7_Handler                           0x00000353   Thumb Code     2  startup_tm4c123.o(.text)
    GPIOQ0_Handler                           0x00000355   Thumb Code     2  startup_tm4c123.o(.text)
    GPIOQ1_Handler                           0x00000357   Thumb Code     2  startup_tm4c123.o(.text)
    GPIOQ2_Handler                           0x00000359   Thumb Code     2  startup_tm4c123.o(.text)
    GPIOQ3_Handler                           0x0000035b   Thumb Code     2  startup_tm4c123.o(.text)
    GPIOQ4_Handler                           0x0000035d   Thumb Code     2  startup_tm4c123.o(.text)
    GPIOQ5_Handler                           0x0000035f   Thumb Code     2  startup_tm4c123.o(.text)
    GPIOQ6_Handler                           0x00000361   Thumb Code     2  startup_tm4c123.o(.text)
    GPIOQ7_Handler                           0x00000363   Thumb Code     2  startup_tm4c123.o(.text)
    GPIOR_Handler                            0x00000365   Thumb Code     2  startup_tm4c123.o(.text)
    GPIOS_Handler                            0x00000367   Thumb Code     2  startup_tm4c123.o(.text)
    PMW1_0_Handler                           0x00000369   Thumb Code     2  startup_tm4c123.o(.text)
    PWM1_1_Handler                           0x0000036b   Thumb Code     2  startup_tm4c123.o(.text)
    PWM1_2_Handler                           0x0000036d   Thumb Code     2  startup_tm4c123.o(.text)
    PWM1_3_Handler                           0x0000036f   Thumb Code     2  startup_tm4c123.o(.text)
    PWM1_FAULT_Handler                       0x00000371   Thumb Code     2  startup_tm4c123.o(.text)
    __aeabi_memcpy                           0x0000037d   Thumb Code    36  memcpya.o(.text)
    __aeabi_memcpy4                          0x0000037d   Thumb Code     0  memcpya.o(.text)
    __aeabi_memcpy8                          0x0000037d   Thumb Code     0  memcpya.o(.text)
    __aeabi_memset                           0x000003a1   Thumb Code    14  memseta.o(.text)
    __aeabi_memset4                          0x000003a1   Thumb Code     0  memseta.o(.text)
    __aeabi_memset8                          0x000003a1   Thumb Code     0  memseta.o(.text)
    __aeabi_memclr                           0x000003af   Thumb Code     4  memseta.o(.text)
    __aeabi_memclr4                          0x000003af   Thumb Code     0  memseta.o(.text)
    __aeabi_memclr8                          0x000003af   Thumb Code     0  memseta.o(.text)
    _memset$wrapper                          0x000003b3   Thumb Code    18  memseta.o(.text)
    __scatterload                            0x000003c5   Thumb Code    28  init.o(.text)
    __scatterload_rt2                        0x000003c5   Thumb Code     0  init.o(.text)
    DIO_Init                                 0x000003e9   Thumb Code   604  dio.o(.text.DIO_Init)
    DOWN                                     0x00000645   Thumb Code   160  main.o(.text.DOWN)
    Emergency                                0x000006e5   Thumb Code    98  main.o(.text.Emergency)
    PendSV_Handler                           0x00000751   Thumb Code   100  port.o(.text.PendSV_Handler)
    SVC_Handler                              0x000007c1   Thumb Code    36  port.o(.text.SVC_Handler)
    SysTick_Handler                          0x000007e5   Thumb Code    60  port.o(.text.SysTick_Handler)
    SystemInit                               0x00000821   Thumb Code   268  system_tm4c123.o(.text.SystemInit)
    Task1                                    0x0000092d   Thumb Code   256  main.o(.text.Task1)
    Task2                                    0x00000a2d   Thumb Code   256  main.o(.text.Task2)
    Task3                                    0x00000b2d   Thumb Code    94  main.o(.text.Task3)
    UP                                       0x00000b8d   Thumb Code   290  main.o(.text.UP)
    eTaskConfirmSleepModeStatus              0x00000cb1   Thumb Code   128  tasks.o(.text.eTaskConfirmSleepModeStatus)
    main                                     0x00000d31   Thumb Code   382  main.o(.text.main)
    motor_down                               0x00000eb1   Thumb Code    26  motor_driver.o(.text.motor_down)
    motor_stop                               0x00000ecd   Thumb Code    26  motor_driver.o(.text.motor_stop)
    motor_up                                 0x00000ee9   Thumb Code    26  motor_driver.o(.text.motor_up)
    pvPortMalloc                             0x0000199d   Thumb Code   192  heap_1.o(.text.pvPortMalloc)
    pvTaskIncrementMutexHeldCount            0x00001a5d   Thumb Code    44  tasks.o(.text.pvTaskIncrementMutexHeldCount)
    pxPortInitialiseStack                    0x00001a89   Thumb Code    94  port.o(.text.pxPortInitialiseStack)
    uxListRemove                             0x00001ae9   Thumb Code    72  list.o(.text.uxListRemove)
    uxTaskGetNumberOfTasks                   0x00001b31   Thumb Code    12  tasks.o(.text.uxTaskGetNumberOfTasks)
    vListInitialise                          0x00001b3d   Thumb Code    46  list.o(.text.vListInitialise)
    vListInitialiseItem                      0x00001b6d   Thumb Code    14  list.o(.text.vListInitialiseItem)
    vListInsert                              0x00001b7d   Thumb Code   106  list.o(.text.vListInsert)
    vListInsertEnd                           0x00001be9   Thumb Code    58  list.o(.text.vListInsertEnd)
    vPortEnterCritical                       0x00001c39   Thumb Code    86  port.o(.text.vPortEnterCritical)
    vPortExitCritical                        0x00001c91   Thumb Code    74  port.o(.text.vPortExitCritical)
    vPortFree                                0x00001cdd   Thumb Code    36  heap_1.o(.text.vPortFree)
    vPortSetupTimerInterrupt                 0x00001d01   Thumb Code   120  port.o(.text.vPortSetupTimerInterrupt)
    vPortSuppressTicksAndSleep               0x00001d79   Thumb Code   544  port.o(.text.vPortSuppressTicksAndSleep)
    vTaskDelay                               0x00001f99   Thumb Code   110  tasks.o(.text.vTaskDelay)
    vTaskInternalSetTimeOutState             0x00002009   Thumb Code    36  tasks.o(.text.vTaskInternalSetTimeOutState)
    vTaskMissedYield                         0x0000202d   Thumb Code    14  tasks.o(.text.vTaskMissedYield)
    vTaskPlaceOnEventList                    0x0000203d   Thumb Code    66  tasks.o(.text.vTaskPlaceOnEventList)
    vTaskPriorityDisinheritAfterTimeout      0x00002081   Thumb Code   386  tasks.o(.text.vTaskPriorityDisinheritAfterTimeout)
    vTaskResume                              0x00002205   Thumb Code   264  tasks.o(.text.vTaskResume)
    vTaskStartScheduler                      0x0000230d   Thumb Code   162  tasks.o(.text.vTaskStartScheduler)
    vTaskStepTick                            0x000023b1   Thumb Code   204  tasks.o(.text.vTaskStepTick)
    vTaskSuspend                             0x0000247d   Thumb Code   378  tasks.o(.text.vTaskSuspend)
    vTaskSuspendAll                          0x000025f9   Thumb Code    16  tasks.o(.text.vTaskSuspendAll)
    vTaskSwitchContext                       0x00002609   Thumb Code   190  tasks.o(.text.vTaskSwitchContext)
    xPortStartScheduler                      0x000026c9   Thumb Code   342  port.o(.text.xPortStartScheduler)
    xQueueCreateMutex                        0x00002821   Thumb Code    38  queue.o(.text.xQueueCreateMutex)
    xQueueGenericCreate                      0x00002849   Thumb Code   154  queue.o(.text.xQueueGenericCreate)
    xQueueGenericReset                       0x000028e5   Thumb Code   264  queue.o(.text.xQueueGenericReset)
    xQueueGenericSend                        0x000029ed   Thumb Code   628  queue.o(.text.xQueueGenericSend)
    xQueueGetMutexHolder                     0x00002c61   Thumb Code    74  queue.o(.text.xQueueGetMutexHolder)
    xQueueReceive                            0x00002cad   Thumb Code   476  queue.o(.text.xQueueReceive)
    xQueueSemaphoreTake                      0x00002e89   Thumb Code   528  queue.o(.text.xQueueSemaphoreTake)
    xTaskCheckForTimeOut                     0x00003099   Thumb Code   252  tasks.o(.text.xTaskCheckForTimeOut)
    xTaskCreate                              0x00003195   Thumb Code   160  tasks.o(.text.xTaskCreate)
    xTaskDelayUntil                          0x00003235   Thumb Code   278  tasks.o(.text.xTaskDelayUntil)
    xTaskGetSchedulerState                   0x0000334d   Thumb Code    56  tasks.o(.text.xTaskGetSchedulerState)
    xTaskGetTickCount                        0x00003385   Thumb Code    20  tasks.o(.text.xTaskGetTickCount)
    xTaskIncrementTick                       0x00003399   Thumb Code   608  tasks.o(.text.xTaskIncrementTick)
    xTaskPriorityDisinherit                  0x000035f9   Thumb Code   312  tasks.o(.text.xTaskPriorityDisinherit)
    xTaskPriorityInherit                     0x00003731   Thumb Code   348  tasks.o(.text.xTaskPriorityInherit)
    xTaskRemoveFromEventList                 0x0000388d   Thumb Code   402  tasks.o(.text.xTaskRemoveFromEventList)
    xTaskResumeAll                           0x00003a21   Thumb Code   546  tasks.o(.text.xTaskResumeAll)
    GPIODirModeSet                           0x00003c43   Thumb Code    40  gpio.o(i.GPIODirModeSet)
    GPIOPadConfigSet                         0x00003c6b   Thumb Code   312  gpio.o(i.GPIOPadConfigSet)
    GPIOPinTypeGPIOInput                     0x00003da3   Thumb Code    28  gpio.o(i.GPIOPinTypeGPIOInput)
    SysCtlPeripheralEnable                   0x00003dc1   Thumb Code    36  sysctl.o(i.SysCtlPeripheralEnable)
    __scatterload_copy                       0x00003de9   Thumb Code    14  handlers.o(i.__scatterload_copy)
    __scatterload_null                       0x00003df7   Thumb Code     2  handlers.o(i.__scatterload_null)
    __scatterload_zeroinit                   0x00003df9   Thumb Code    14  handlers.o(i.__scatterload_zeroinit)
    uxTopUsedPriority                        0x00003e50   Data           4  tasks.o(.rodata.uxTopUsedPriority)
    Region$$Table$$Base                      0x00003e54   Number         0  anon$$obj.o(Region$$Table)
    Region$$Table$$Limit                     0x00003e74   Number         0  anon$$obj.o(Region$$Table)
    SystemCoreClock                          0x20000000   Data           4  system_tm4c123.o(.data.SystemCoreClock)
    EmergencyMutex                           0x20000008   Data           4  main.o(.bss.EmergencyMutex)
    EmergencySemaphore                       0x2000000c   Data           4  main.o(.bss.EmergencySemaphore)
    XMUTEX                                   0x20000010   Data           4  main.o(.bss.XMUTEX)
    pxCurrentTCB                             0x20000018   Data           4  tasks.o(.bss.pxCurrentTCB)
    task2                                    0x20000088   Data           4  main.o(.bss.task2)
    xQueueDOWN                               0x20002104   Data           4  main.o(.bss.xQueueDOWN)
    xQueueUP                                 0x20002108   Data           4  main.o(.bss.xQueueUP)
    __initial_sp                             0x20002340   Data           0  startup_tm4c123.o(STACK)



==============================================================================

Memory Map of the image

  Image Entry point : 0x00000281

  Load Region LR_IROM1 (Base: 0x00000000, Size: 0x00003e80, Max: 0x00040000, ABSOLUTE)

    Execution Region ER_IROM1 (Exec base: 0x00000000, Load base: 0x00000000, Size: 0x00003e74, Max: 0x00040000, ABSOLUTE)

    Exec Addr    Load Addr    Size         Type   Attr      Idx    E Section Name        Object

    0x00000000   0x00000000   0x0000026c   Data   RO           53    RESET               startup_tm4c123.o
    0x0000026c   0x0000026c   0x00000000   Code   RO         1208  * .ARM.Collect$$$$00000000  mc_w.l(entry.o)
    0x0000026c   0x0000026c   0x00000004   Code   RO         1219    .ARM.Collect$$$$00000001  mc_w.l(entry2.o)
    0x00000270   0x00000270   0x00000004   Code   RO         1222    .ARM.Collect$$$$00000004  mc_w.l(entry5.o)
    0x00000274   0x00000274   0x00000000   Code   RO         1224    .ARM.Collect$$$$00000008  mc_w.l(entry7b.o)
    0x00000274   0x00000274   0x00000000   Code   RO         1226    .ARM.Collect$$$$0000000A  mc_w.l(entry8b.o)
    0x00000274   0x00000274   0x00000008   Code   RO         1227    .ARM.Collect$$$$0000000B  mc_w.l(entry9a.o)
    0x0000027c   0x0000027c   0x00000000   Code   RO         1229    .ARM.Collect$$$$0000000D  mc_w.l(entry10a.o)
    0x0000027c   0x0000027c   0x00000000   Code   RO         1231    .ARM.Collect$$$$0000000F  mc_w.l(entry11a.o)
    0x0000027c   0x0000027c   0x00000004   Code   RO         1220    .ARM.Collect$$$$00002712  mc_w.l(entry2.o)
    0x00000280   0x00000280   0x000000fc   Code   RO           54  * .text               startup_tm4c123.o
    0x0000037c   0x0000037c   0x00000024   Code   RO         1211    .text               mc_w.l(memcpya.o)
    0x000003a0   0x000003a0   0x00000024   Code   RO         1213    .text               mc_w.l(memseta.o)
    0x000003c4   0x000003c4   0x00000024   Code   RO         1233    .text               mc_w.l(init.o)
    0x000003e8   0x000003e8   0x0000025c   Code   RO           31    .text.DIO_Init      dio.o
    0x00000644   0x00000644   0x000000a0   Code   RO           12    .text.DOWN          main.o
    0x000006e4   0x000006e4   0x00000062   Code   RO            8    .text.Emergency     main.o
    0x00000746   0x00000746   0x0000000a   PAD
    0x00000750   0x00000750   0x00000064   Code   RO          113    .text.PendSV_Handler  port.o
    0x000007b4   0x000007b4   0x0000000c   PAD
    0x000007c0   0x000007c0   0x00000024   Code   RO           97    .text.SVC_Handler   port.o
    0x000007e4   0x000007e4   0x0000003c   Code   RO          115    .text.SysTick_Handler  port.o
    0x00000820   0x00000820   0x0000010c   Code   RO           65    .text.SystemInit    system_tm4c123.o
    0x0000092c   0x0000092c   0x00000100   Code   RO            2    .text.Task1         main.o
    0x00000a2c   0x00000a2c   0x00000100   Code   RO            4    .text.Task2         main.o
    0x00000b2c   0x00000b2c   0x0000005e   Code   RO            6    .text.Task3         main.o
    0x00000b8a   0x00000b8a   0x00000002   PAD
    0x00000b8c   0x00000b8c   0x00000122   Code   RO           10    .text.UP            main.o
    0x00000cae   0x00000cae   0x00000002   PAD
    0x00000cb0   0x00000cb0   0x00000080   Code   RO          329    .text.eTaskConfirmSleepModeStatus  tasks.o
    0x00000d30   0x00000d30   0x0000017e   Code   RO           14    .text.main          main.o
    0x00000eae   0x00000eae   0x00000002   PAD
    0x00000eb0   0x00000eb0   0x0000001a   Code   RO           41    .text.motor_down    motor_driver.o
    0x00000eca   0x00000eca   0x00000002   PAD
    0x00000ecc   0x00000ecc   0x0000001a   Code   RO           43    .text.motor_stop    motor_driver.o
    0x00000ee6   0x00000ee6   0x00000002   PAD
    0x00000ee8   0x00000ee8   0x0000001a   Code   RO           39    .text.motor_up      motor_driver.o
    0x00000f02   0x00000f02   0x00000002   PAD
    0x00000f04   0x00000f04   0x00000122   Code   RO          253    .text.prvAddCurrentTaskToDelayedList  tasks.o
    0x00001026   0x00001026   0x00000002   PAD
    0x00001028   0x00001028   0x00000154   Code   RO          241    .text.prvAddNewTaskToReadyList  tasks.o
    0x0000117c   0x0000117c   0x0000005a   Code   RO          369    .text.prvCheckTasksWaitingTermination  tasks.o
    0x000011d6   0x000011d6   0x00000002   PAD
    0x000011d8   0x000011d8   0x00000042   Code   RO          190    .text.prvCopyDataFromQueue  queue.o
    0x0000121a   0x0000121a   0x00000002   PAD
    0x0000121c   0x0000121c   0x000000cc   Code   RO          176    .text.prvCopyDataToQueue  queue.o
    0x000012e8   0x000012e8   0x00000018   Code   RO          247    .text.prvDeleteTCB  tasks.o
    0x00001300   0x00001300   0x00000026   Code   RO          194    .text.prvGetDisinheritPriorityAfterTimeout  queue.o
    0x00001326   0x00001326   0x00000002   PAD
    0x00001328   0x00001328   0x0000007c   Code   RO          371    .text.prvGetExpectedIdleTime  tasks.o
    0x000013a4   0x000013a4   0x0000009a   Code   RO          279    .text.prvIdleTask   tasks.o
    0x0000143e   0x0000143e   0x00000002   PAD
    0x00001440   0x00001440   0x0000002c   Code   RO          160    .text.prvInitialiseMutex  queue.o
    0x0000146c   0x0000146c   0x0000004e   Code   RO          156    .text.prvInitialiseNewQueue  queue.o
    0x000014ba   0x000014ba   0x00000002   PAD
    0x000014bc   0x000014bc   0x00000124   Code   RO          239    .text.prvInitialiseNewTask  tasks.o
    0x000015e0   0x000015e0   0x0000008e   Code   RO          367    .text.prvInitialiseTaskLists  tasks.o
    0x0000166e   0x0000166e   0x00000002   PAD
    0x00001670   0x00001670   0x00000028   Code   RO          192    .text.prvIsQueueEmpty  queue.o
    0x00001698   0x00001698   0x0000002e   Code   RO          180    .text.prvIsQueueFull  queue.o
    0x000016c6   0x000016c6   0x00000002   PAD
    0x000016c8   0x000016c8   0x000000ec   Code   RO          178    .text.prvNotifyQueueSetContainer  queue.o
    0x000017b4   0x000017b4   0x00000028   Code   RO          105    .text.prvPortStartFirstTask  port.o
    0x000017dc   0x000017dc   0x0000003c   Code   RO          245    .text.prvResetNextTaskUnblockTime  tasks.o
    0x00001818   0x00001818   0x0000004c   Code   RO           95    .text.prvTaskExitError  port.o
    0x00001864   0x00001864   0x0000006a   Code   RO          273    .text.prvTaskIsTaskSuspended  tasks.o
    0x000018ce   0x000018ce   0x00000002   PAD
    0x000018d0   0x000018d0   0x000000cc   Code   RO          182    .text.prvUnlockQueue  queue.o
    0x0000199c   0x0000199c   0x000000c0   Code   RO          134    .text.pvPortMalloc  heap_1.o
    0x00001a5c   0x00001a5c   0x0000002c   Code   RO          351    .text.pvTaskIncrementMutexHeldCount  tasks.o
    0x00001a88   0x00001a88   0x0000005e   Code   RO           93    .text.pxPortInitialiseStack  port.o
    0x00001ae6   0x00001ae6   0x00000002   PAD
    0x00001ae8   0x00001ae8   0x00000048   Code   RO           84    .text.uxListRemove  list.o
    0x00001b30   0x00001b30   0x0000000c   Code   RO          289    .text.uxTaskGetNumberOfTasks  tasks.o
    0x00001b3c   0x00001b3c   0x0000002e   Code   RO           76    .text.vListInitialise  list.o
    0x00001b6a   0x00001b6a   0x00000002   PAD
    0x00001b6c   0x00001b6c   0x0000000e   Code   RO           78    .text.vListInitialiseItem  list.o
    0x00001b7a   0x00001b7a   0x00000002   PAD
    0x00001b7c   0x00001b7c   0x0000006a   Code   RO           82    .text.vListInsert   list.o
    0x00001be6   0x00001be6   0x00000002   PAD
    0x00001be8   0x00001be8   0x0000003a   Code   RO           80    .text.vListInsertEnd  list.o
    0x00001c22   0x00001c22   0x00000002   PAD
    0x00001c24   0x00001c24   0x00000014   Code   RO          103    .text.vPortEnableVFP  port.o
    0x00001c38   0x00001c38   0x00000056   Code   RO          109    .text.vPortEnterCritical  port.o
    0x00001c8e   0x00001c8e   0x00000002   PAD
    0x00001c90   0x00001c90   0x0000004a   Code   RO          111    .text.vPortExitCritical  port.o
    0x00001cda   0x00001cda   0x00000002   PAD
    0x00001cdc   0x00001cdc   0x00000024   Code   RO          136    .text.vPortFree     heap_1.o
    0x00001d00   0x00001d00   0x00000078   Code   RO          101    .text.vPortSetupTimerInterrupt  port.o
    0x00001d78   0x00001d78   0x00000220   Code   RO          117    .text.vPortSuppressTicksAndSleep  port.o
    0x00001f98   0x00001f98   0x0000006e   Code   RO          257    .text.vTaskDelay    tasks.o
    0x00002006   0x00002006   0x00000002   PAD
    0x00002008   0x00002008   0x00000024   Code   RO          319    .text.vTaskInternalSetTimeOutState  tasks.o
    0x0000202c   0x0000202c   0x0000000e   Code   RO          323    .text.vTaskMissedYield  tasks.o
    0x0000203a   0x0000203a   0x00000002   PAD
    0x0000203c   0x0000203c   0x00000042   Code   RO          309    .text.vTaskPlaceOnEventList  tasks.o
    0x0000207e   0x0000207e   0x00000002   PAD
    0x00002080   0x00002080   0x00000182   Code   RO          347    .text.vTaskPriorityDisinheritAfterTimeout  tasks.o
    0x00002202   0x00002202   0x00000002   PAD
    0x00002204   0x00002204   0x00000108   Code   RO          271    .text.vTaskResume   tasks.o
    0x0000230c   0x0000230c   0x000000a2   Code   RO          277    .text.vTaskStartScheduler  tasks.o
    0x000023ae   0x000023ae   0x00000002   PAD
    0x000023b0   0x000023b0   0x000000cc   Code   RO          303    .text.vTaskStepTick  tasks.o
    0x0000247c   0x0000247c   0x0000017a   Code   RO          267    .text.vTaskSuspend  tasks.o
    0x000025f6   0x000025f6   0x00000002   PAD
    0x000025f8   0x000025f8   0x00000010   Code   RO          251    .text.vTaskSuspendAll  tasks.o
    0x00002608   0x00002608   0x000000be   Code   RO          269    .text.vTaskSwitchContext  tasks.o
    0x000026c6   0x000026c6   0x00000002   PAD
    0x000026c8   0x000026c8   0x00000156   Code   RO           99    .text.xPortStartScheduler  port.o
    0x0000281e   0x0000281e   0x00000002   PAD
    0x00002820   0x00002820   0x00000026   Code   RO          158    .text.xQueueCreateMutex  queue.o
    0x00002846   0x00002846   0x00000002   PAD
    0x00002848   0x00002848   0x0000009a   Code   RO          154    .text.xQueueGenericCreate  queue.o
    0x000028e2   0x000028e2   0x00000002   PAD
    0x000028e4   0x000028e4   0x00000108   Code   RO          152    .text.xQueueGenericReset  queue.o
    0x000029ec   0x000029ec   0x00000274   Code   RO          168    .text.xQueueGenericSend  queue.o
    0x00002c60   0x00002c60   0x0000004a   Code   RO          162    .text.xQueueGetMutexHolder  queue.o
    0x00002caa   0x00002caa   0x00000002   PAD
    0x00002cac   0x00002cac   0x000001dc   Code   RO          188    .text.xQueueReceive  queue.o
    0x00002e88   0x00002e88   0x00000210   Code   RO          172    .text.xQueueSemaphoreTake  queue.o
    0x00003098   0x00003098   0x000000fc   Code   RO          321    .text.xTaskCheckForTimeOut  tasks.o
    0x00003194   0x00003194   0x000000a0   Code   RO          237    .text.xTaskCreate   tasks.o
    0x00003234   0x00003234   0x00000116   Code   RO          249    .text.xTaskDelayUntil  tasks.o
    0x0000334a   0x0000334a   0x00000002   PAD
    0x0000334c   0x0000334c   0x00000038   Code   RO          341    .text.xTaskGetSchedulerState  tasks.o
    0x00003384   0x00003384   0x00000014   Code   RO          285    .text.xTaskGetTickCount  tasks.o
    0x00003398   0x00003398   0x00000260   Code   RO          283    .text.xTaskIncrementTick  tasks.o
    0x000035f8   0x000035f8   0x00000138   Code   RO          345    .text.xTaskPriorityDisinherit  tasks.o
    0x00003730   0x00003730   0x0000015c   Code   RO          343    .text.xTaskPriorityInherit  tasks.o
    0x0000388c   0x0000388c   0x00000192   Code   RO          313    .text.xTaskRemoveFromEventList  tasks.o
    0x00003a1e   0x00003a1e   0x00000002   PAD
    0x00003a20   0x00003a20   0x00000222   Code   RO          255    .text.xTaskResumeAll  tasks.o
    0x00003c42   0x00003c42   0x00000028   Code   RO          407    i.GPIODirModeSet    driverlib.lib(gpio.o)
    0x00003c6a   0x00003c6a   0x00000138   Code   RO          419    i.GPIOPadConfigSet  driverlib.lib(gpio.o)
    0x00003da2   0x00003da2   0x0000001c   Code   RO          430    i.GPIOPinTypeGPIOInput  driverlib.lib(gpio.o)
    0x00003dbe   0x00003dbe   0x00000002   PAD
    0x00003dc0   0x00003dc0   0x00000028   Code   RO          768    i.SysCtlPeripheralEnable  driverlib.lib(sysctl.o)
    0x00003de8   0x00003de8   0x0000000e   Code   RO         1237    i.__scatterload_copy  mc_w.l(handlers.o)
    0x00003df6   0x00003df6   0x00000002   Code   RO         1238    i.__scatterload_null  mc_w.l(handlers.o)
    0x00003df8   0x00003df8   0x0000000e   Code   RO         1239    i.__scatterload_zeroinit  mc_w.l(handlers.o)
    0x00003e06   0x00003e06   0x00000043   Data   RO           22    .rodata.str1.1      main.o
    0x00003e49   0x00003e49   0x00000005   Data   RO          389    .rodata.str1.1      tasks.o
    0x00003e4e   0x00003e4e   0x00000002   PAD
    0x00003e50   0x00003e50   0x00000004   Data   RO          374    .rodata.uxTopUsedPriority  tasks.o
    0x00003e54   0x00003e54   0x00000020   Data   RO         1236    Region$$Table       anon$$obj.o


    Execution Region RW_IRAM1 (Exec base: 0x20000000, Load base: 0x00003e78, Size: 0x00002340, Max: 0x00008000, ABSOLUTE)

    Exec Addr    Load Addr    Size         Type   Attr      Idx    E Section Name        Object

    0x20000000   0x00003e78   0x00000004   Data   RW           67    .data.SystemCoreClock  system_tm4c123.o
    0x20000004   0x00003e7c   0x00000004   Data   RW          123    .data.uxCriticalNesting  port.o
    0x20000008        -       0x00000004   Zero   RW           21    .bss.EmergencyMutex  main.o
    0x2000000c        -       0x00000004   Zero   RW           20    .bss.EmergencySemaphore  main.o
    0x20000010        -       0x00000004   Zero   RW           16    .bss.XMUTEX         main.o
    0x20000014        -       0x00000004   Zero   RW          142    .bss.pvPortMalloc.pucAlignedHeap  heap_1.o
    0x20000018        -       0x00000004   Zero   RW          373    .bss.pxCurrentTCB   tasks.o
    0x2000001c        -       0x00000004   Zero   RW          384    .bss.pxDelayedTaskList  tasks.o
    0x20000020        -       0x00000004   Zero   RW          385    .bss.pxOverflowDelayedTaskList  tasks.o
    0x20000024        -       0x00000064   Zero   RW          375    .bss.pxReadyTasksLists  tasks.o
    0x20000088        -       0x00000004   Zero   RW           19    .bss.task2          main.o
    0x2000008c        -       0x00002000   Zero   RW          143    .bss.ucHeap         heap_1.o
    0x2000208c        -       0x00000001   Zero   RW          121    .bss.ucMaxSysCallPriority  port.o
    0x2000208d   0x00003e80   0x00000003   PAD
    0x20002090        -       0x00000004   Zero   RW          122    .bss.ulMaxPRIGROUPValue  port.o
    0x20002094        -       0x00000004   Zero   RW          126    .bss.ulStoppedTimerCompensation  port.o
    0x20002098        -       0x00000004   Zero   RW          125    .bss.ulTimerCountsForOneTick  port.o
    0x2000209c        -       0x00000004   Zero   RW          380    .bss.uxCurrentNumberOfTasks  tasks.o
    0x200020a0        -       0x00000004   Zero   RW          379    .bss.uxDeletedTasksWaitingCleanUp  tasks.o
    0x200020a4        -       0x00000004   Zero   RW          382    .bss.uxSchedulerSuspended  tasks.o
    0x200020a8        -       0x00000004   Zero   RW          377    .bss.uxTaskNumber   tasks.o
    0x200020ac        -       0x00000004   Zero   RW          376    .bss.uxTopReadyPriority  tasks.o
    0x200020b0        -       0x00000014   Zero   RW          394    .bss.xDelayedTaskList1  tasks.o
    0x200020c4        -       0x00000014   Zero   RW          395    .bss.xDelayedTaskList2  tasks.o
    0x200020d8        -       0x00000004   Zero   RW          390    .bss.xIdleTaskHandle  tasks.o
    0x200020dc        -       0x00000004   Zero   RW          124    .bss.xMaximumPossibleSuppressedTicks  port.o
    0x200020e0        -       0x00000004   Zero   RW          144    .bss.xNextFreeByte  heap_1.o
    0x200020e4        -       0x00000004   Zero   RW          391    .bss.xNextTaskUnblockTime  tasks.o
    0x200020e8        -       0x00000004   Zero   RW          393    .bss.xNumOfOverflows  tasks.o
    0x200020ec        -       0x00000004   Zero   RW          392    .bss.xPendedTicks   tasks.o
    0x200020f0        -       0x00000014   Zero   RW          388    .bss.xPendingReadyList  tasks.o
    0x20002104        -       0x00000004   Zero   RW           17    .bss.xQueueDOWN     main.o
    0x20002108        -       0x00000004   Zero   RW           18    .bss.xQueueUP       main.o
    0x2000210c        -       0x00000004   Zero   RW          381    .bss.xSchedulerRunning  tasks.o
    0x20002110        -       0x00000014   Zero   RW          386    .bss.xSuspendedTaskList  tasks.o
    0x20002124        -       0x00000014   Zero   RW          378    .bss.xTasksWaitingTermination  tasks.o
    0x20002138        -       0x00000004   Zero   RW          383    .bss.xTickCount     tasks.o
    0x2000213c        -       0x00000004   Zero   RW          387    .bss.xYieldPending  tasks.o
    0x20002140        -       0x00000200   Zero   RW           51    STACK               startup_tm4c123.o


==============================================================================

Image component sizes


      Code (inc. data)   RO Data    RW Data    ZI Data      Debug   Object Name

       604          0          0          0          0        613   dio.o
       228          0          0          0       8200       1780   heap_1.o
       296          0          0          0          0       2370   list.o
      1536          0         67          0         24       3257   main.o
        78          0          0          0          0        608   motor_driver.o
      1592         16          0          4         17       4987   port.o
      3118          0          0          0          0      16737   queue.o
       252         10        620          0        512       5504   startup_tm4c123.o
       268          0          0          4          0       6784   system_tm4c123.o
      6614          0          9          0        260      27015   tasks.o

    ----------------------------------------------------------------------
     14678         38        730          8       9016      69655   Object Totals
         0          0         32          0          0          0   (incl. Generated)
        92         12          2          0          3          0   (incl. Padding)

    ----------------------------------------------------------------------

      Code (inc. data)   RO Data    RW Data    ZI Data      Debug   Library Member Name

       380          0          0          0          0       7251   gpio.o
        40          4          0          0          0        497   sysctl.o
         0          0          0          0          0          0   entry.o
         0          0          0          0          0          0   entry10a.o
         0          0          0          0          0          0   entry11a.o
         8          4          0          0          0          0   entry2.o
         4          0          0          0          0          0   entry5.o
         0          0          0          0          0          0   entry7b.o
         0          0          0          0          0          0   entry8b.o
         8          4          0          0          0          0   entry9a.o
        30          0          0          0          0          0   handlers.o
        36          8          0          0          0         68   init.o
        36          0          0          0          0         68   memcpya.o
        36          0          0          0          0        108   memseta.o

    ----------------------------------------------------------------------
       580         20          0          0          0       7992   Library Totals
         2          0          0          0          0          0   (incl. Padding)

    ----------------------------------------------------------------------

      Code (inc. data)   RO Data    RW Data    ZI Data      Debug   Library Name

       420          4          0          0          0       7748   driverlib.lib
       158         16          0          0          0        244   mc_w.l

    ----------------------------------------------------------------------
       580         20          0          0          0       7992   Library Totals

    ----------------------------------------------------------------------

==============================================================================


      Code (inc. data)   RO Data    RW Data    ZI Data      Debug   

     15258         58        730          8       9016      77439   Grand Totals
     15258         58        730          8       9016      77439   ELF Image Totals
     15258         58        730          8          0          0   ROM Totals

==============================================================================

    Total RO  Size (Code + RO Data)                15988 (  15.61kB)
    Total RW  Size (RW Data + ZI Data)              9024 (   8.81kB)
    Total ROM Size (Code + RO Data + RW Data)      15996 (  15.62kB)

==============================================================================

